Component: ARM Compiler 5.06 update 1 (build 61) Tool: armlink [4d35a8]

==============================================================================

Section Cross References

    startup_stm32f105xc.o(RESET) refers to startup_stm32f105xc.o(STACK) for __initial_sp
    startup_stm32f105xc.o(RESET) refers to startup_stm32f105xc.o(.text) for Reset_Handler
    startup_stm32f105xc.o(RESET) refers to stm32f1xx_it.o(i.NMI_Handler) for NMI_Handler
    startup_stm32f105xc.o(RESET) refers to stm32f1xx_it.o(i.HardFault_Handler) for HardFault_Handler
    startup_stm32f105xc.o(RESET) refers to stm32f1xx_it.o(i.MemManage_Handler) for MemManage_Handler
    startup_stm32f105xc.o(RESET) refers to stm32f1xx_it.o(i.BusFault_Handler) for BusFault_Handler
    startup_stm32f105xc.o(RESET) refers to stm32f1xx_it.o(i.UsageFault_Handler) for UsageFault_Handler
    startup_stm32f105xc.o(RESET) refers to stm32f1xx_it.o(i.SVC_Handler) for SVC_Handler
    startup_stm32f105xc.o(RESET) refers to stm32f1xx_it.o(i.DebugMon_Handler) for DebugMon_Handler
    startup_stm32f105xc.o(RESET) refers to stm32f1xx_it.o(i.PendSV_Handler) for PendSV_Handler
    startup_stm32f105xc.o(RESET) refers to stm32f1xx_it.o(i.SysTick_Handler) for SysTick_Handler
    startup_stm32f105xc.o(RESET) refers to stm32f1xx_it.o(i.CAN1_RX0_IRQHandler) for CAN1_RX0_IRQHandler
    startup_stm32f105xc.o(RESET) refers to stm32f1xx_it.o(i.TIM2_IRQHandler) for TIM2_IRQHandler
    startup_stm32f105xc.o(RESET) refers to stm32f1xx_it.o(i.USART1_IRQHandler) for USART1_IRQHandler
    startup_stm32f105xc.o(RESET) refers to stm32f1xx_it.o(i.CAN2_RX0_IRQHandler) for CAN2_RX0_IRQHandler
    startup_stm32f105xc.o(.text) refers to system_stm32f1xx.o(i.SystemInit) for SystemInit
    startup_stm32f105xc.o(.text) refers to entry.o(.ARM.Collect$$$$00000000) for __main
    bsp_ds18b20.o(i.DS18B20_GetTemp_MatchRom) refers to bsp_ds18b20.o(i.DS18B20_MatchRom) for DS18B20_MatchRom
    bsp_ds18b20.o(i.DS18B20_GetTemp_MatchRom) refers to bsp_ds18b20.o(i.DS18B20_WriteByte) for DS18B20_WriteByte
    bsp_ds18b20.o(i.DS18B20_GetTemp_MatchRom) refers to bsp_ds18b20.o(i.DS18B20_ReadByte) for DS18B20_ReadByte
    bsp_ds18b20.o(i.DS18B20_GetTemp_MatchRom) refers to dflti.o(.text) for __aeabi_i2d
    bsp_ds18b20.o(i.DS18B20_GetTemp_MatchRom) refers to dscalb.o(.text) for __ARM_scalbn
    bsp_ds18b20.o(i.DS18B20_GetTemp_MatchRom) refers to d2f.o(.text) for __aeabi_d2f
    bsp_ds18b20.o(i.DS18B20_GetTemp_SkipRom) refers to bsp_ds18b20.o(i.DS18B20_SkipRom) for DS18B20_SkipRom
    bsp_ds18b20.o(i.DS18B20_GetTemp_SkipRom) refers to bsp_ds18b20.o(i.DS18B20_WriteByte) for DS18B20_WriteByte
    bsp_ds18b20.o(i.DS18B20_GetTemp_SkipRom) refers to bsp_ds18b20.o(i.DS18B20_ReadByte) for DS18B20_ReadByte
    bsp_ds18b20.o(i.DS18B20_GetTemp_SkipRom) refers to dflti.o(.text) for __aeabi_i2d
    bsp_ds18b20.o(i.DS18B20_GetTemp_SkipRom) refers to dscalb.o(.text) for __ARM_scalbn
    bsp_ds18b20.o(i.DS18B20_GetTemp_SkipRom) refers to d2f.o(.text) for __aeabi_d2f
    bsp_ds18b20.o(i.DS18B20_Init) refers to bsp_ds18b20.o(i.DS18B20_Mode_Out_PP) for DS18B20_Mode_Out_PP
    bsp_ds18b20.o(i.DS18B20_Init) refers to stm32f1xx_hal_gpio.o(i.HAL_GPIO_WritePin) for HAL_GPIO_WritePin
    bsp_ds18b20.o(i.DS18B20_Init) refers to bsp_ds18b20.o(i.DS18B20_Rst) for DS18B20_Rst
    bsp_ds18b20.o(i.DS18B20_Init) refers to bsp_ds18b20.o(i.DS18B20_Presence) for DS18B20_Presence
    bsp_ds18b20.o(i.DS18B20_MatchRom) refers to bsp_ds18b20.o(i.DS18B20_Rst) for DS18B20_Rst
    bsp_ds18b20.o(i.DS18B20_MatchRom) refers to bsp_ds18b20.o(i.DS18B20_Presence) for DS18B20_Presence
    bsp_ds18b20.o(i.DS18B20_MatchRom) refers to bsp_ds18b20.o(i.DS18B20_WriteByte) for DS18B20_WriteByte
    bsp_ds18b20.o(i.DS18B20_Mode_IPU) refers to stm32f1xx_hal_gpio.o(i.HAL_GPIO_Init) for HAL_GPIO_Init
    bsp_ds18b20.o(i.DS18B20_Mode_Out_PP) refers to stm32f1xx_hal_gpio.o(i.HAL_GPIO_Init) for HAL_GPIO_Init
    bsp_ds18b20.o(i.DS18B20_Presence) refers to bsp_ds18b20.o(i.DS18B20_Mode_IPU) for DS18B20_Mode_IPU
    bsp_ds18b20.o(i.DS18B20_Presence) refers to bsp_ds18b20.o(i.DS18B20_Delay) for DS18B20_Delay
    bsp_ds18b20.o(i.DS18B20_Presence) refers to stm32f1xx_hal_gpio.o(i.HAL_GPIO_ReadPin) for HAL_GPIO_ReadPin
    bsp_ds18b20.o(i.DS18B20_ReadByte) refers to bsp_ds18b20.o(i.DS18B20_Mode_Out_PP) for DS18B20_Mode_Out_PP
    bsp_ds18b20.o(i.DS18B20_ReadByte) refers to stm32f1xx_hal_gpio.o(i.HAL_GPIO_WritePin) for HAL_GPIO_WritePin
    bsp_ds18b20.o(i.DS18B20_ReadByte) refers to bsp_ds18b20.o(i.DS18B20_Delay) for DS18B20_Delay
    bsp_ds18b20.o(i.DS18B20_ReadByte) refers to bsp_ds18b20.o(i.DS18B20_Mode_IPU) for DS18B20_Mode_IPU
    bsp_ds18b20.o(i.DS18B20_ReadByte) refers to stm32f1xx_hal_gpio.o(i.HAL_GPIO_ReadPin) for HAL_GPIO_ReadPin
    bsp_ds18b20.o(i.DS18B20_ReadId) refers to bsp_ds18b20.o(i.DS18B20_WriteByte) for DS18B20_WriteByte
    bsp_ds18b20.o(i.DS18B20_ReadId) refers to bsp_ds18b20.o(i.DS18B20_ReadByte) for DS18B20_ReadByte
[...]
    Removing stm32f1xx_hal_tim.o(.rev16_text), (4 bytes).
    Removing stm32f1xx_hal_tim.o(.revsh_text), (4 bytes).
    Removing stm32f1xx_hal_tim.o(.rrx_text), (6 bytes).
    Removing stm32f1xx_hal_tim.o(i.HAL_TIM_Base_DeInit), (56 bytes).
    Removing stm32f1xx_hal_tim.o(i.HAL_TIM_Base_GetState), (6 bytes).
    Removing stm32f1xx_hal_tim.o(i.HAL_TIM_Base_MspDeInit), (2 bytes).
    Removing stm32f1xx_hal_tim.o(i.HAL_TIM_Base_MspInit), (2 bytes).
    Removing stm32f1xx_hal_tim.o(i.HAL_TIM_Base_Start), (26 bytes).
    Removing stm32f1xx_hal_tim.o(i.HAL_TIM_Base_Start_DMA), (92 bytes).
    Removing stm32f1xx_hal_tim.o(i.HAL_TIM_Base_Stop), (44 bytes).
    Removing stm32f1xx_hal_tim.o(i.HAL_TIM_Base_Stop_DMA), (48 bytes).
    Removing stm32f1xx_hal_tim.o(i.HAL_TIM_Base_Stop_IT), (42 bytes).
    Removing stm32f1xx_hal_tim.o(i.HAL_TIM_ConfigOCrefClear), (184 bytes).
    Removing stm32f1xx_hal_tim.o(i.HAL_TIM_ConfigTI1Input), (16 bytes).
    Removing stm32f1xx_hal_tim.o(i.HAL_TIM_DMABurst_ReadStart), (260 bytes).
    Removing stm32f1xx_hal_tim.o(i.HAL_TIM_DMABurst_ReadStop), (96 bytes).
    Removing stm32f1xx_hal_tim.o(i.HAL_TIM_DMABurst_WriteStart), (260 bytes).
    Removing stm32f1xx_hal_tim.o(i.HAL_TIM_DMABurst_WriteStop), (96 bytes).
    Removing stm32f1xx_hal_tim.o(i.HAL_TIM_Encoder_DeInit), (56 bytes).
    Removing stm32f1xx_hal_tim.o(i.HAL_TIM_Encoder_GetState), (6 bytes).
    Removing stm32f1xx_hal_tim.o(i.HAL_TIM_Encoder_Init), (150 bytes).
    Removing stm32f1xx_hal_tim.o(i.HAL_TIM_Encoder_MspDeInit), (2 bytes).
    Removing stm32f1xx_hal_tim.o(i.HAL_TIM_Encoder_MspInit), (2 bytes).
    Removing stm32f1xx_hal_tim.o(i.HAL_TIM_Encoder_Start), (52 bytes).
    Removing stm32f1xx_hal_tim.o(i.HAL_TIM_Encoder_Start_DMA), (272 bytes).
    Removing stm32f1xx_hal_tim.o(i.HAL_TIM_Encoder_Start_IT), (92 bytes).
    Removing stm32f1xx_hal_tim.o(i.HAL_TIM_Encoder_Stop), (70 bytes).
    Removing stm32f1xx_hal_tim.o(i.HAL_TIM_Encoder_Stop_DMA), (116 bytes).
    Removing stm32f1xx_hal_tim.o(i.HAL_TIM_Encoder_Stop_IT), (116 bytes).
    Removing stm32f1xx_hal_tim.o(i.HAL_TIM_ErrorCallback), (2 bytes).
    Removing stm32f1xx_hal_tim.o(i.HAL_TIM_GenerateEvent), (38 bytes).
    Removing stm32f1xx_hal_tim.o(i.HAL_TIM_IC_ConfigChannel), (282 bytes).
    Removing stm32f1xx_hal_tim.o(i.HAL_TIM_IC_DeInit), (56 bytes).
    Removing stm32f1xx_hal_tim.o(i.HAL_TIM_IC_GetState), (6 bytes).
    Removing stm32f1xx_hal_tim.o(i.HAL_TIM_IC_Init), (54 bytes).
    Removing stm32f1xx_hal_tim.o(i.HAL_TIM_IC_MspDeInit), (2 bytes).
    Removing stm32f1xx_hal_tim.o(i.HAL_TIM_IC_MspInit), (2 bytes).
    Removing stm32f1xx_hal_tim.o(i.HAL_TIM_IC_Start), (26 bytes).
    Removing stm32f1xx_hal_tim.o(i.HAL_TIM_IC_Start_DMA), (200 bytes).
    Removing stm32f1xx_hal_tim.o(i.HAL_TIM_IC_Start_IT), (76 bytes).
    Removing stm32f1xx_hal_tim.o(i.HAL_TIM_IC_Stop), (44 bytes).
    Removing stm32f1xx_hal_tim.o(i.HAL_TIM_IC_Stop_DMA), (100 bytes).
    Removing stm32f1xx_hal_tim.o(i.HAL_TIM_IC_Stop_IT), (94 bytes).
    Removing stm32f1xx_hal_tim.o(i.HAL_TIM_OC_ConfigChannel), (86 bytes).
    Removing stm32f1xx_hal_tim.o(i.HAL_TIM_OC_DeInit), (56 bytes).
    Removing stm32f1xx_hal_tim.o(i.HAL_TIM_OC_GetState), (6 bytes).
    Removing stm32f1xx_hal_tim.o(i.HAL_TIM_OC_Init), (54 bytes).
    Removing stm32f1xx_hal_tim.o(i.HAL_TIM_OC_MspDeInit), (2 bytes).
    Removing stm32f1xx_hal_tim.o(i.HAL_TIM_OC_MspInit), (2 bytes).
    Removing stm32f1xx_hal_tim.o(i.HAL_TIM_OC_Start), (48 bytes).
    Removing stm32f1xx_hal_tim.o(i.HAL_TIM_OC_Start_DMA), (228 bytes).
    Removing stm32f1xx_hal_tim.o(i.HAL_TIM_OC_Start_IT), (96 bytes).
    Removing stm32f1xx_hal_tim.o(i.HAL_TIM_OC_Stop), (76 bytes).
    Removing stm32f1xx_hal_tim.o(i.HAL_TIM_OC_Stop_DMA), (132 bytes).
    Removing stm32f1xx_hal_tim.o(i.HAL_TIM_OC_Stop_IT), (128 bytes).
    Removing stm32f1xx_hal_tim.o(i.HAL_TIM_OnePulse_ConfigChannel), (218 bytes).
    Removing stm32f1xx_hal_tim.o(i.HAL_TIM_OnePulse_DeInit), (56 bytes).
    Removing stm32f1xx_hal_tim.o(i.HAL_TIM_OnePulse_GetState), (6 bytes).
    Removing stm32f1xx_hal_tim.o(i.HAL_TIM_OnePulse_Init), (74 bytes).
    Removing stm32f1xx_hal_tim.o(i.HAL_TIM_OnePulse_MspDeInit), (2 bytes).
    Removing stm32f1xx_hal_tim.o(i.HAL_TIM_OnePulse_MspInit), (2 bytes).
    Removing stm32f1xx_hal_tim.o(i.HAL_TIM_OnePulse_Start), (48 bytes).
    Removing stm32f1xx_hal_tim.o(i.HAL_TIM_OnePulse_Start_IT), (68 bytes).
    Removing stm32f1xx_hal_tim.o(i.HAL_TIM_OnePulse_Stop), (88 bytes).
    Removing stm32f1xx_hal_tim.o(i.HAL_TIM_OnePulse_Stop_IT), (108 bytes).
    Removing stm32f1xx_hal_tim.o(i.HAL_TIM_PWM_ConfigChannel), (208 bytes).
    Removing stm32f1xx_hal_tim.o(i.HAL_TIM_PWM_DeInit), (56 bytes).
    Removing stm32f1xx_hal_tim.o(i.HAL_TIM_PWM_GetState), (6 bytes).
    Removing stm32f1xx_hal_tim.o(i.HAL_TIM_PWM_Init), (54 bytes).
    Removing stm32f1xx_hal_tim.o(i.HAL_TIM_PWM_MspDeInit), (2 bytes).
    Removing stm32f1xx_hal_tim.o(i.HAL_TIM_PWM_MspInit), (2 bytes).
    Removing stm32f1xx_hal_tim.o(i.HAL_TIM_PWM_Start), (48 bytes).
    Removing stm32f1xx_hal_tim.o(i.HAL_TIM_PWM_Start_DMA), (228 bytes).
    Removing stm32f1xx_hal_tim.o(i.HAL_TIM_PWM_Start_IT), (96 bytes).
    Removing stm32f1xx_hal_tim.o(i.HAL_TIM_PWM_Stop), (84 bytes).
    Removing stm32f1xx_hal_tim.o(i.HAL_TIM_PWM_Stop_DMA), (132 bytes).
    Removing stm32f1xx_hal_tim.o(i.HAL_TIM_PWM_Stop_IT), (128 bytes).
    Removing stm32f1xx_hal_tim.o(i.HAL_TIM_PeriodElapsedCallback), (2 bytes).
    Removing stm32f1xx_hal_tim.o(i.HAL_TIM_ReadCapturedValue), (68 bytes).
    Removing stm32f1xx_hal_tim.o(i.HAL_TIM_SlaveConfigSynchronization), (66 bytes).
    Removing stm32f1xx_hal_tim.o(i.HAL_TIM_SlaveConfigSynchronization_IT), (66 bytes).
    Removing stm32f1xx_hal_tim.o(i.TIM_CCxChannelCmd), (22 bytes).
    Removing stm32f1xx_hal_tim.o(i.TIM_DMACaptureCplt), (62 bytes).
    Removing stm32f1xx_hal_tim.o(i.TIM_DMADelayPulseCplt), (62 bytes).
    Removing stm32f1xx_hal_tim.o(i.TIM_DMAError), (16 bytes).
    Removing stm32f1xx_hal_tim.o(i.TIM_DMAPeriodElapsedCplt), (16 bytes).
    Removing stm32f1xx_hal_tim.o(i.TIM_DMATriggerCplt), (16 bytes).
    Removing stm32f1xx_hal_tim.o(i.TIM_OC1_SetConfig), (80 bytes).
    Removing stm32f1xx_hal_tim.o(i.TIM_OC2_SetConfig), (88 bytes).
    Removing stm32f1xx_hal_tim.o(i.TIM_OC3_SetConfig), (88 bytes).
    Removing stm32f1xx_hal_tim.o(i.TIM_OC4_SetConfig), (68 bytes).
    Removing stm32f1xx_hal_tim.o(i.TIM_SlaveTimer_SetConfig), (124 bytes).
    Removing stm32f1xx_hal_tim.o(i.TIM_TI1_SetConfig), (100 bytes).
    Removing stm32f1xx_hal_tim.o(i.TIM_TI2_SetConfig), (54 bytes).
    Removing stm32f1xx_hal_tim_ex.o(.rev16_text), (4 bytes).
    Removing stm32f1xx_hal_tim_ex.o(.revsh_text), (4 bytes).
    Removing stm32f1xx_hal_tim_ex.o(.rrx_text), (6 bytes).
    Removing stm32f1xx_hal_tim_ex.o(i.HAL_TIMEx_ConfigBreakDeadTime), (90 bytes).
    Removing stm32f1xx_hal_tim_ex.o(i.HAL_TIMEx_ConfigCommutationEvent), (92 bytes).
    Removing stm32f1xx_hal_tim_ex.o(i.HAL_TIMEx_ConfigCommutationEvent_DMA), (124 bytes).
    Removing stm32f1xx_hal_tim_ex.o(i.HAL_TIMEx_ConfigCommutationEvent_IT), (102 bytes).
    Removing stm32f1xx_hal_tim_ex.o(i.HAL_TIMEx_HallSensor_DeInit), (56 bytes).
    Removing stm32f1xx_hal_tim_ex.o(i.HAL_TIMEx_HallSensor_GetState), (6 bytes).
    Removing stm32f1xx_hal_tim_ex.o(i.HAL_TIMEx_HallSensor_Init), (188 bytes).
    Removing stm32f1xx_hal_tim_ex.o(i.HAL_TIMEx_HallSensor_MspDeInit), (2 bytes).
    Removing stm32f1xx_hal_tim_ex.o(i.HAL_TIMEx_HallSensor_MspInit), (2 bytes).
    Removing stm32f1xx_hal_tim_ex.o(i.HAL_TIMEx_HallSensor_Start), (28 bytes).
    Removing stm32f1xx_hal_tim_ex.o(i.HAL_TIMEx_HallSensor_Start_DMA), (104 bytes).
    Removing stm32f1xx_hal_tim_ex.o(i.HAL_TIMEx_HallSensor_Start_IT), (38 bytes).
    Removing stm32f1xx_hal_tim_ex.o(i.HAL_TIMEx_HallSensor_Stop), (46 bytes).
    Removing stm32f1xx_hal_tim_ex.o(i.HAL_TIMEx_HallSensor_Stop_DMA), (56 bytes).
    Removing stm32f1xx_hal_tim_ex.o(i.HAL_TIMEx_HallSensor_Stop_IT), (56 bytes).
    Removing stm32f1xx_hal_tim_ex.o(i.HAL_TIMEx_OCN_Start), (36 bytes).
    Removing stm32f1xx_hal_tim_ex.o(i.HAL_TIMEx_OCN_Start_DMA), (184 bytes).
    Removing stm32f1xx_hal_tim_ex.o(i.HAL_TIMEx_OCN_Start_IT), (84 bytes).
    Removing stm32f1xx_hal_tim_ex.o(i.HAL_TIMEx_OCN_Stop), (68 bytes).
    Removing stm32f1xx_hal_tim_ex.o(i.HAL_TIMEx_OCN_Stop_DMA), (112 bytes).
    Removing stm32f1xx_hal_tim_ex.o(i.HAL_TIMEx_OCN_Stop_IT), (122 bytes).
    Removing stm32f1xx_hal_tim_ex.o(i.HAL_TIMEx_OnePulseN_Start), (26 bytes).
    Removing stm32f1xx_hal_tim_ex.o(i.HAL_TIMEx_OnePulseN_Start_IT), (46 bytes).
    Removing stm32f1xx_hal_tim_ex.o(i.HAL_TIMEx_OnePulseN_Stop), (68 bytes).
    Removing stm32f1xx_hal_tim_ex.o(i.HAL_TIMEx_OnePulseN_Stop_IT), (88 bytes).
    Removing stm32f1xx_hal_tim_ex.o(i.HAL_TIMEx_PWMN_Start), (36 bytes).
    Removing stm32f1xx_hal_tim_ex.o(i.HAL_TIMEx_PWMN_Start_DMA), (184 bytes).
    Removing stm32f1xx_hal_tim_ex.o(i.HAL_TIMEx_PWMN_Start_IT), (84 bytes).
    Removing stm32f1xx_hal_tim_ex.o(i.HAL_TIMEx_PWMN_Stop), (68 bytes).
    Removing stm32f1xx_hal_tim_ex.o(i.HAL_TIMEx_PWMN_Stop_DMA), (112 bytes).
    Removing stm32f1xx_hal_tim_ex.o(i.HAL_TIMEx_PWMN_Stop_IT), (122 bytes).
    Removing stm32f1xx_hal_tim_ex.o(i.TIMEx_DMACommutationCplt), (16 bytes).
    Removing stm32f1xx_hal_tim_ex.o(i.TIM_CCxNChannelCmd), (22 bytes).
    Removing stm32f1xx_hal_uart.o(.rev16_text), (4 bytes).
    Removing stm32f1xx_hal_uart.o(.revsh_text), (4 bytes).
    Removing stm32f1xx_hal_uart.o(.rrx_text), (6 bytes).
    Removing stm32f1xx_hal_uart.o(i.HAL_HalfDuplex_EnableReceiver), (50 bytes).
    Removing stm32f1xx_hal_uart.o(i.HAL_HalfDuplex_EnableTransmitter), (50 bytes).
    Removing stm32f1xx_hal_uart.o(i.HAL_HalfDuplex_Init), (108 bytes).
    Removing stm32f1xx_hal_uart.o(i.HAL_LIN_Init), (122 bytes).
    Removing stm32f1xx_hal_uart.o(i.HAL_LIN_SendBreak), (46 bytes).
    Removing stm32f1xx_hal_uart.o(i.HAL_MultiProcessor_EnterMuteMode), (46 bytes).
    Removing stm32f1xx_hal_uart.o(i.HAL_MultiProcessor_ExitMuteMode), (46 bytes).
    Removing stm32f1xx_hal_uart.o(i.HAL_MultiProcessor_Init), (130 bytes).
    Removing stm32f1xx_hal_uart.o(i.HAL_UART_Abort), (104 bytes).
    Removing stm32f1xx_hal_uart.o(i.HAL_UART_AbortCpltCallback), (2 bytes).
    Removing stm32f1xx_hal_uart.o(i.HAL_UART_AbortReceive), (68 bytes).
    Removing stm32f1xx_hal_uart.o(i.HAL_UART_AbortReceiveCpltCallback), (2 bytes).
    Removing stm32f1xx_hal_uart.o(i.HAL_UART_AbortReceive_IT), (92 bytes).
    Removing stm32f1xx_hal_uart.o(i.HAL_UART_AbortTransmit), (58 bytes).
    Removing stm32f1xx_hal_uart.o(i.HAL_UART_AbortTransmitCpltCallback), (2 bytes).
    Removing stm32f1xx_hal_uart.o(i.HAL_UART_AbortTransmit_IT), (84 bytes).
    Removing stm32f1xx_hal_uart.o(i.HAL_UART_Abort_IT), (172 bytes).
    Removing stm32f1xx_hal_uart.o(i.HAL_UART_DMAPause), (102 bytes).
    Removing stm32f1xx_hal_uart.o(i.HAL_UART_DMAResume), (94 bytes).
    Removing stm32f1xx_hal_uart.o(i.HAL_UART_DMAStop), (88 bytes).
    Removing stm32f1xx_hal_uart.o(i.HAL_UART_DeInit), (40 bytes).
    Removing stm32f1xx_hal_uart.o(i.HAL_UART_GetError), (4 bytes).
    Removing stm32f1xx_hal_uart.o(i.HAL_UART_GetState), (10 bytes).
    Removing stm32f1xx_hal_uart.o(i.HAL_UART_MspDeInit), (2 bytes).
    Removing stm32f1xx_hal_uart.o(i.HAL_UART_MspInit), (2 bytes).
    Removing stm32f1xx_hal_uart.o(i.HAL_UART_Receive), (184 bytes).
    Removing stm32f1xx_hal_uart.o(i.HAL_UART_Receive_DMA), (152 bytes).
    Removing stm32f1xx_hal_uart.o(i.HAL_UART_RxCpltCallback), (2 bytes).
    Removing stm32f1xx_hal_uart.o(i.HAL_UART_RxHalfCpltCallback), (2 bytes).
    Removing stm32f1xx_hal_uart.o(i.HAL_UART_Transmit_DMA), (128 bytes).
    Removing stm32f1xx_hal_uart.o(i.HAL_UART_Transmit_IT), (62 bytes).
    Removing stm32f1xx_hal_uart.o(i.HAL_UART_TxHalfCpltCallback), (2 bytes).
    Removing stm32f1xx_hal_uart.o(i.UART_DMAError), (74 bytes).
    Removing stm32f1xx_hal_uart.o(i.UART_DMAReceiveCplt), (60 bytes).
    Removing stm32f1xx_hal_uart.o(i.UART_DMARxAbortCallback), (42 bytes).
    Removing stm32f1xx_hal_uart.o(i.UART_DMARxHalfCplt), (10 bytes).
    Removing stm32f1xx_hal_uart.o(i.UART_DMARxOnlyAbortCallback), (20 bytes).
    Removing stm32f1xx_hal_uart.o(i.UART_DMATransmitCplt), (46 bytes).
    Removing stm32f1xx_hal_uart.o(i.UART_DMATxAbortCallback), (42 bytes).
    Removing stm32f1xx_hal_uart.o(i.UART_DMATxHalfCplt), (10 bytes).
    Removing stm32f1xx_hal_uart.o(i.UART_DMATxOnlyAbortCallback), (20 bytes).
    Removing stm32f1xx_hal_uart.o(i.UART_EndTxTransfer), (18 bytes).
    Removing stm32f1xx_hal.o(.rev16_text), (4 bytes).
    Removing stm32f1xx_hal.o(.revsh_text), (4 bytes).
    Removing stm32f1xx_hal.o(.rrx_text), (6 bytes).
    Removing stm32f1xx_hal.o(i.HAL_DBGMCU_DisableDBGSleepMode), (16 bytes).
    Removing stm32f1xx_hal.o(i.HAL_DBGMCU_DisableDBGStandbyMode), (16 bytes).
    Removing stm32f1xx_hal.o(i.HAL_DBGMCU_DisableDBGStopMode), (16 bytes).
    Removing stm32f1xx_hal.o(i.HAL_DBGMCU_EnableDBGSleepMode), (16 bytes).
    Removing stm32f1xx_hal.o(i.HAL_DBGMCU_EnableDBGStandbyMode), (16 bytes).
    Removing stm32f1xx_hal.o(i.HAL_DBGMCU_EnableDBGStopMode), (16 bytes).
    Removing stm32f1xx_hal.o(i.HAL_DeInit), (36 bytes).
    Removing stm32f1xx_hal.o(i.HAL_GetDEVID), (16 bytes).
    Removing stm32f1xx_hal.o(i.HAL_GetHalVersion), (8 bytes).
    Removing stm32f1xx_hal.o(i.HAL_GetREVID), (12 bytes).
    Removing stm32f1xx_hal.o(i.HAL_GetTickFreq), (12 bytes).
    Removing stm32f1xx_hal.o(i.HAL_GetTickPrio), (12 bytes).
    Removing stm32f1xx_hal.o(i.HAL_GetUID), (28 bytes).
    Removing stm32f1xx_hal.o(i.HAL_MspDeInit), (2 bytes).
    Removing stm32f1xx_hal.o(i.HAL_MspInit), (2 bytes).
    Removing stm32f1xx_hal.o(i.HAL_ResumeTick), (14 bytes).
    Removing stm32f1xx_hal.o(i.HAL_SetTickFreq), (28 bytes).
    Removing stm32f1xx_hal.o(i.HAL_SuspendTick), (14 bytes).
    Removing stm32f1xx_hal_rcc.o(.rev16_text), (4 bytes).
    Removing stm32f1xx_hal_rcc.o(.revsh_text), (4 bytes).
    Removing stm32f1xx_hal_rcc.o(.rrx_text), (6 bytes).
    Removing stm32f1xx_hal_rcc.o(i.HAL_RCC_CSSCallback), (2 bytes).
    Removing stm32f1xx_hal_rcc.o(i.HAL_RCC_DeInit), (280 bytes).
    Removing stm32f1xx_hal_rcc.o(i.HAL_RCC_DisableCSS), (12 bytes).
    Removing stm32f1xx_hal_rcc.o(i.HAL_RCC_EnableCSS), (12 bytes).
    Removing stm32f1xx_hal_rcc.o(i.HAL_RCC_GetClockConfig), (64 bytes).
    Removing stm32f1xx_hal_rcc.o(i.HAL_RCC_GetOscConfig), (184 bytes).
    Removing stm32f1xx_hal_rcc.o(i.HAL_RCC_MCOConfig), (72 bytes).
    Removing stm32f1xx_hal_rcc.o(i.HAL_RCC_NMI_IRQHandler), (24 bytes).
    Removing stm32f1xx_hal_rcc_ex.o(.rev16_text), (4 bytes).
    Removing stm32f1xx_hal_rcc_ex.o(.revsh_text), (4 bytes).
    Removing stm32f1xx_hal_rcc_ex.o(.rrx_text), (6 bytes).
    Removing stm32f1xx_hal_rcc_ex.o(i.HAL_RCCEx_DisablePLL2), (76 bytes).
    Removing stm32f1xx_hal_rcc_ex.o(i.HAL_RCCEx_DisablePLLI2S), (68 bytes).
    Removing stm32f1xx_hal_rcc_ex.o(i.HAL_RCCEx_EnablePLL2), (152 bytes).
    Removing stm32f1xx_hal_rcc_ex.o(i.HAL_RCCEx_EnablePLLI2S), (144 bytes).
    Removing stm32f1xx_hal_rcc_ex.o(i.HAL_RCCEx_GetPeriphCLKConfig), (68 bytes).
    Removing stm32f1xx_hal_rcc_ex.o(i.HAL_RCCEx_GetPeriphCLKFreq), (316 bytes).
    Removing stm32f1xx_hal_rcc_ex.o(i.HAL_RCCEx_PeriphCLKConfig), (392 bytes).
    Removing stm32f1xx_hal_gpio.o(.rev16_text), (4 bytes).
    Removing stm32f1xx_hal_gpio.o(.revsh_text), (4 bytes).
    Removing stm32f1xx_hal_gpio.o(.rrx_text), (6 bytes).
    Removing stm32f1xx_hal_gpio.o(i.HAL_GPIO_DeInit), (228 bytes).
    Removing stm32f1xx_hal_gpio.o(i.HAL_GPIO_EXTI_Callback), (2 bytes).
    Removing stm32f1xx_hal_gpio.o(i.HAL_GPIO_EXTI_IRQHandler), (24 bytes).
    Removing stm32f1xx_hal_gpio.o(i.HAL_GPIO_LockPin), (34 bytes).
    Removing stm32f1xx_hal_dma.o(.rev16_text), (4 bytes).
    Removing stm32f1xx_hal_dma.o(.revsh_text), (4 bytes).
    Removing stm32f1xx_hal_dma.o(.rrx_text), (6 bytes).
    Removing stm32f1xx_hal_dma.o(i.DMA_SetConfig), (42 bytes).
    Removing stm32f1xx_hal_dma.o(i.HAL_DMA_Abort), (48 bytes).
    Removing stm32f1xx_hal_dma.o(i.HAL_DMA_DeInit), (120 bytes).
    Removing stm32f1xx_hal_dma.o(i.HAL_DMA_GetError), (4 bytes).
    Removing stm32f1xx_hal_dma.o(i.HAL_DMA_GetState), (6 bytes).
    Removing stm32f1xx_hal_dma.o(i.HAL_DMA_IRQHandler), (584 bytes).
    Removing stm32f1xx_hal_dma.o(i.HAL_DMA_Init), (132 bytes).
    Removing stm32f1xx_hal_dma.o(i.HAL_DMA_PollForTransfer), (988 bytes).
    Removing stm32f1xx_hal_dma.o(i.HAL_DMA_RegisterCallback), (74 bytes).
    Removing stm32f1xx_hal_dma.o(i.HAL_DMA_Start), (80 bytes).
    Removing stm32f1xx_hal_dma.o(i.HAL_DMA_Start_IT), (112 bytes).
    Removing stm32f1xx_hal_dma.o(i.HAL_DMA_UnRegisterCallback), (82 bytes).
    Removing stm32f1xx_hal_cortex.o(.rev16_text), (4 bytes).
    Removing stm32f1xx_hal_cortex.o(.revsh_text), (4 bytes).
    Removing stm32f1xx_hal_cortex.o(.rrx_text), (6 bytes).
    Removing stm32f1xx_hal_cortex.o(i.HAL_NVIC_ClearPendingIRQ), (22 bytes).
    Removing stm32f1xx_hal_cortex.o(i.HAL_NVIC_DisableIRQ), (22 bytes).
    Removing stm32f1xx_hal_cortex.o(i.HAL_NVIC_GetActive), (32 bytes).
    Removing stm32f1xx_hal_cortex.o(i.HAL_NVIC_GetPendingIRQ), (32 bytes).
    Removing stm32f1xx_hal_cortex.o(i.HAL_NVIC_GetPriority), (82 bytes).
    Removing stm32f1xx_hal_cortex.o(i.HAL_NVIC_GetPriorityGrouping), (16 bytes).
    Removing stm32f1xx_hal_cortex.o(i.HAL_NVIC_SetPendingIRQ), (22 bytes).
    Removing stm32f1xx_hal_cortex.o(i.HAL_NVIC_SystemReset), (36 bytes).
    Removing stm32f1xx_hal_pwr.o(.rev16_text), (4 bytes).
    Removing stm32f1xx_hal_pwr.o(.revsh_text), (4 bytes).
    Removing stm32f1xx_hal_pwr.o(.rrx_text), (6 bytes).
    Removing stm32f1xx_hal_pwr.o(i.HAL_PWR_ConfigPVD), (124 bytes).
    Removing stm32f1xx_hal_pwr.o(i.HAL_PWR_DeInit), (24 bytes).
    Removing stm32f1xx_hal_pwr.o(i.HAL_PWR_DisableBkUpAccess), (12 bytes).
    Removing stm32f1xx_hal_pwr.o(i.HAL_PWR_DisablePVD), (12 bytes).
    Removing stm32f1xx_hal_pwr.o(i.HAL_PWR_DisableSEVOnPend), (16 bytes).
    Removing stm32f1xx_hal_pwr.o(i.HAL_PWR_DisableSleepOnExit), (16 bytes).
    Removing stm32f1xx_hal_pwr.o(i.HAL_PWR_DisableWakeUpPin), (28 bytes).
    Removing stm32f1xx_hal_pwr.o(i.HAL_PWR_EnableBkUpAccess), (12 bytes).
    Removing stm32f1xx_hal_pwr.o(i.HAL_PWR_EnablePVD), (12 bytes).
    Removing stm32f1xx_hal_pwr.o(i.HAL_PWR_EnableSEVOnPend), (16 bytes).
    Removing stm32f1xx_hal_pwr.o(i.HAL_PWR_EnableSleepOnExit), (16 bytes).
    Removing stm32f1xx_hal_pwr.o(i.HAL_PWR_EnableWakeUpPin), (28 bytes).
    Removing stm32f1xx_hal_pwr.o(i.HAL_PWR_EnterSLEEPMode), (32 bytes).
    Removing stm32f1xx_hal_pwr.o(i.HAL_PWR_EnterSTANDBYMode), (32 bytes).
    Removing stm32f1xx_hal_pwr.o(i.HAL_PWR_EnterSTOPMode), (68 bytes).
    Removing stm32f1xx_hal_pwr.o(i.HAL_PWR_PVDCallback), (2 bytes).
    Removing stm32f1xx_hal_pwr.o(i.HAL_PWR_PVD_IRQHandler), (28 bytes).
    Removing stm32f1xx_hal_pwr.o(i.PWR_OverloadWfe), (6 bytes).
    Removing stm32f1xx_hal_flash.o(.rev16_text), (4 bytes).
    Removing stm32f1xx_hal_flash.o(.revsh_text), (4 bytes).
    Removing stm32f1xx_hal_flash.o(.rrx_text), (6 bytes).
    Removing stm32f1xx_hal_flash.o(i.FLASH_Program_HalfWord), (28 bytes).
    Removing stm32f1xx_hal_flash.o(i.FLASH_SetErrorCode), (92 bytes).
    Removing stm32f1xx_hal_flash.o(i.FLASH_WaitForLastOperation), (84 bytes).
    Removing stm32f1xx_hal_flash.o(i.HAL_FLASH_EndOfOperationCallback), (2 bytes).
    Removing stm32f1xx_hal_flash.o(i.HAL_FLASH_GetError), (12 bytes).
    Removing stm32f1xx_hal_flash.o(i.HAL_FLASH_IRQHandler), (264 bytes).
    Removing stm32f1xx_hal_flash.o(i.HAL_FLASH_Lock), (20 bytes).
    Removing stm32f1xx_hal_flash.o(i.HAL_FLASH_OB_Launch), (4 bytes).
    Removing stm32f1xx_hal_flash.o(i.HAL_FLASH_OB_Lock), (20 bytes).
    Removing stm32f1xx_hal_flash.o(i.HAL_FLASH_OB_Unlock), (36 bytes).
    Removing stm32f1xx_hal_flash.o(i.HAL_FLASH_OperationErrorCallback), (2 bytes).
    Removing stm32f1xx_hal_flash.o(i.HAL_FLASH_Program), (128 bytes).
    Removing stm32f1xx_hal_flash.o(i.HAL_FLASH_Program_IT), (100 bytes).
    Removing stm32f1xx_hal_flash.o(i.HAL_FLASH_Unlock), (40 bytes).
    Removing stm32f1xx_hal_flash.o(.bss), (32 bytes).
    Removing stm32f1xx_hal_flash_ex.o(.rev16_text), (4 bytes).
    Removing stm32f1xx_hal_flash_ex.o(.revsh_text), (4 bytes).
    Removing stm32f1xx_hal_flash_ex.o(.rrx_text), (6 bytes).
    Removing stm32f1xx_hal_flash_ex.o(i.FLASH_MassErase), (36 bytes).
    Removing stm32f1xx_hal_flash_ex.o(i.FLASH_OB_DisableWRP), (176 bytes).
    Removing stm32f1xx_hal_flash_ex.o(i.FLASH_OB_EnableWRP), (176 bytes).
    Removing stm32f1xx_hal_flash_ex.o(i.FLASH_OB_GetRDP), (24 bytes).
    Removing stm32f1xx_hal_flash_ex.o(i.FLASH_OB_RDP_LevelConfig), (100 bytes).
    Removing stm32f1xx_hal_flash_ex.o(i.FLASH_PageErase), (36 bytes).
    Removing stm32f1xx_hal_flash_ex.o(i.HAL_FLASHEx_Erase), (168 bytes).
    Removing stm32f1xx_hal_flash_ex.o(i.HAL_FLASHEx_Erase_IT), (84 bytes).
    Removing stm32f1xx_hal_flash_ex.o(i.HAL_FLASHEx_OBErase), (84 bytes).
    Removing stm32f1xx_hal_flash_ex.o(i.HAL_FLASHEx_OBGetConfig), (36 bytes).
    Removing stm32f1xx_hal_flash_ex.o(i.HAL_FLASHEx_OBGetUserData), (32 bytes).
    Removing stm32f1xx_hal_flash_ex.o(i.HAL_FLASHEx_OBProgram), (200 bytes).
    Removing system_stm32f1xx.o(.rev16_text), (4 bytes).
    Removing system_stm32f1xx.o(.revsh_text), (4 bytes).
    Removing system_stm32f1xx.o(.rrx_text), (6 bytes).
    Removing system_stm32f1xx.o(i.SystemCoreClockUpdate), (148 bytes).

372 unused section(s) (total 21680 bytes) removed from the image.

==============================================================================

Image Symbol Table

    Local Symbols

    Symbol Name                              Value     Ov Type        Size  Object(Section)

    ..//Src/system_stm32f1xx.c               0x00000000   Number         0  system_stm32f1xx.o ABSOLUTE
    ../Drivers/STM32F1xx_HAL_Driver/Src/stm32f1xx_hal.c 0x00000000   Number         0  stm32f1xx_hal.o ABSOLUTE
    ../Drivers/STM32F1xx_HAL_Driver/Src/stm32f1xx_hal_can.c 0x00000000   Number         0  stm32f1xx_hal_can.o ABSOLUTE
    ../Drivers/STM32F1xx_HAL_Driver/Src/stm32f1xx_hal_cortex.c 0x00000000   Number         0  stm32f1xx_hal_cortex.o ABSOLUTE
    ../Drivers/STM32F1xx_HAL_Driver/Src/stm32f1xx_hal_dma.c 0x00000000   Number         0  stm32f1xx_hal_dma.o ABSOLUTE
    ../Drivers/STM32F1xx_HAL_Driver/Src/stm32f1xx_hal_flash.c 0x00000000   Number         0  stm32f1xx_hal_flash.o ABSOLUTE
    ../Drivers/STM32F1xx_HAL_Driver/Src/stm32f1xx_hal_flash_ex.c 0x00000000   Number         0  stm32f1xx_hal_flash_ex.o ABSOLUTE
    ../Drivers/STM32F1xx_HAL_Driver/Src/stm32f1xx_hal_gpio.c 0x00000000   Number         0  stm32f1xx_hal_gpio.o ABSOLUTE
    ../Drivers/STM32F1xx_HAL_Driver/Src/stm32f1xx_hal_gpio_ex.c 0x00000000   Number         0  stm32f1xx_hal_gpio_ex.o ABSOLUTE
    ../Drivers/STM32F1xx_HAL_Driver/Src/stm32f1xx_hal_pwr.c 0x00000000   Number         0  stm32f1xx_hal_pwr.o ABSOLUTE
    ../Drivers/STM32F1xx_HAL_Driver/Src/stm32f1xx_hal_rcc.c 0x00000000   Number         0  stm32f1xx_hal_rcc.o ABSOLUTE
    ../Drivers/STM32F1xx_HAL_Driver/Src/stm32f1xx_hal_rcc_ex.c 0x00000000   Number         0  stm32f1xx_hal_rcc_ex.o ABSOLUTE
    ../Drivers/STM32F1xx_HAL_Driver/Src/stm32f1xx_hal_tim.c 0x00000000   Number         0  stm32f1xx_hal_tim.o ABSOLUTE
    ../Drivers/STM32F1xx_HAL_Driver/Src/stm32f1xx_hal_tim_ex.c 0x00000000   Number         0  stm32f1xx_hal_tim_ex.o ABSOLUTE
    ../Drivers/STM32F1xx_HAL_Driver/Src/stm32f1xx_hal_uart.c 0x00000000   Number         0  stm32f1xx_hal_uart.o ABSOLUTE
    ../Src/can.c                             0x00000000   Number         0  can.o ABSOLUTE
    ../Src/gpio.c                            0x00000000   Number         0  gpio.o ABSOLUTE
    ../Src/main.c                            0x00000000   Number         0  main.o ABSOLUTE
    ../Src/stm32f1xx_hal_msp.c               0x00000000   Number         0  stm32f1xx_hal_msp.o ABSOLUTE
    ../Src/stm32f1xx_it.c                    0x00000000   Number         0  stm32f1xx_it.o ABSOLUTE
    ../Src/tim.c                             0x00000000   Number         0  tim.o ABSOLUTE
    ../Src/usart.c                           0x00000000   Number         0  usart.o ABSOLUTE
    ../clib/microlib/division.c              0x00000000   Number         0  uldiv.o ABSOLUTE
    ../clib/microlib/init/entry.s            0x00000000   Number         0  entry7b.o ABSOLUTE
    ../clib/microlib/init/entry.s            0x00000000   Number         0  entry7a.o ABSOLUTE
    ../clib/microlib/init/entry.s            0x00000000   Number         0  entry5.o ABSOLUTE
    ../clib/microlib/init/entry.s            0x00000000   Number         0  entry2.o ABSOLUTE
    ../clib/microlib/init/entry.s            0x00000000   Number         0  entry11a.o ABSOLUTE
    ../clib/microlib/init/entry.s            0x00000000   Number         0  entry11b.o ABSOLUTE
    ../clib/microlib/init/entry.s            0x00000000   Number         0  entry10a.o ABSOLUTE
    ../clib/microlib/init/entry.s            0x00000000   Number         0  entry8a.o ABSOLUTE
    ../clib/microlib/init/entry.s            0x00000000   Number         0  entry.o ABSOLUTE
    ../clib/microlib/init/entry.s            0x00000000   Number         0  entry8b.o ABSOLUTE
    ../clib/microlib/init/entry.s            0x00000000   Number         0  entry9a.o ABSOLUTE
    ../clib/microlib/init/entry.s            0x00000000   Number         0  entry9b.o ABSOLUTE
    ../clib/microlib/init/entry.s            0x00000000   Number         0  entry10b.o ABSOLUTE
    ../clib/microlib/longlong.c              0x00000000   Number         0  llshl.o ABSOLUTE
    ../clib/microlib/longlong.c              0x00000000   Number         0  llushr.o ABSOLUTE
    ../clib/microlib/stubs.s                 0x00000000   Number         0  iusefp.o ABSOLUTE
    ../fplib/microlib/d2f.c                  0x00000000   Number         0  d2f.o ABSOLUTE
    ../fplib/microlib/fpadd.c                0x00000000   Number         0  fadd.o ABSOLUTE
    ../fplib/microlib/fpdiv.c                0x00000000   Number         0  fdiv.o ABSOLUTE
    ../fplib/microlib/fpepilogue.c           0x00000000   Number         0  fepilogue.o ABSOLUTE
    ../fplib/microlib/fpepilogue.c           0x00000000   Number         0  depilogue.o ABSOLUTE
    ../fplib/microlib/fpfix.c                0x00000000   Number         0  ffixui.o ABSOLUTE
    ../fplib/microlib/fpfix.c                0x00000000   Number         0  ffixi.o ABSOLUTE
    ../fplib/microlib/fpflt.c                0x00000000   Number         0  dflti.o ABSOLUTE
    ../fplib/microlib/fpflt.c                0x00000000   Number         0  dfltui.o ABSOLUTE
    ../fplib/microlib/fpflt.c                0x00000000   Number         0  fflti.o ABSOLUTE
    ../fplib/microlib/fpmul.c                0x00000000   Number         0  dmul.o ABSOLUTE
    ../fplib/microlib/fpmul.c                0x00000000   Number         0  fmul.o ABSOLUTE
    ../fplib/microlib/fpscalb.c              0x00000000   Number         0  dscalb.o ABSOLUTE
    ..\DSP\inc\DSP_Bell.c                    0x00000000   Number         0  dsp_bell.o ABSOLUTE
    ..\DSP\inc\DSP_CO.c                      0x00000000   Number         0  dsp_co.o ABSOLUTE
    ..\DSP\inc\DSP_flash.c                   0x00000000   Number         0  dsp_flash.o ABSOLUTE
    ..\DSP\inc\bsp_DS18B20.c                 0x00000000   Number         0  bsp_ds18b20.o ABSOLUTE
    ..\Drivers\STM32F1xx_HAL_Driver\Src\stm32f1xx_hal.c 0x00000000   Number         0  stm32f1xx_hal.o ABSOLUTE
    ..\Drivers\STM32F1xx_HAL_Driver\Src\stm32f1xx_hal_can.c 0x00000000   Number         0  stm32f1xx_hal_can.o ABSOLUTE
    ..\Drivers\STM32F1xx_HAL_Driver\Src\stm32f1xx_hal_cortex.c 0x00000000   Number         0  stm32f1xx_hal_cortex.o ABSOLUTE
    ..\Drivers\STM32F1xx_HAL_Driver\Src\stm32f1xx_hal_dma.c 0x00000000   Number         0  stm32f1xx_hal_dma.o ABSOLUTE
    ..\Drivers\STM32F1xx_HAL_Driver\Src\stm32f1xx_hal_flash.c 0x00000000   Number         0  stm32f1xx_hal_flash.o ABSOLUTE
    ..\Drivers\STM32F1xx_HAL_Driver\Src\stm32f1xx_hal_flash_ex.c 0x00000000   Number         0  stm32f1xx_hal_flash_ex.o ABSOLUTE
    ..\Drivers\STM32F1xx_HAL_Driver\Src\stm32f1xx_hal_gpio.c 0x00000000   Number         0  stm32f1xx_hal_gpio.o ABSOLUTE
    ..\Drivers\STM32F1xx_HAL_Driver\Src\stm32f1xx_hal_gpio_ex.c 0x00000000   Number         0  stm32f1xx_hal_gpio_ex.o ABSOLUTE
    ..\Drivers\STM32F1xx_HAL_Driver\Src\stm32f1xx_hal_pwr.c 0x00000000   Number         0  stm32f1xx_hal_pwr.o ABSOLUTE
    ..\Drivers\STM32F1xx_HAL_Driver\Src\stm32f1xx_hal_rcc.c 0x00000000   Number         0  stm32f1xx_hal_rcc.o ABSOLUTE
    ..\Drivers\STM32F1xx_HAL_Driver\Src\stm32f1xx_hal_rcc_ex.c 0x00000000   Number         0  stm32f1xx_hal_rcc_ex.o ABSOLUTE
    ..\Drivers\STM32F1xx_HAL_Driver\Src\stm32f1xx_hal_tim.c 0x00000000   Number         0  stm32f1xx_hal_tim.o ABSOLUTE
    ..\Drivers\STM32F1xx_HAL_Driver\Src\stm32f1xx_hal_tim_ex.c 0x00000000   Number         0  stm32f1xx_hal_tim_ex.o ABSOLUTE
    ..\Drivers\STM32F1xx_HAL_Driver\Src\stm32f1xx_hal_uart.c 0x00000000   Number         0  stm32f1xx_hal_uart.o ABSOLUTE
    ..\Src\ReadID.c                          0x00000000   Number         0  readid.o ABSOLUTE
    ..\Src\can.c                             0x00000000   Number         0  can.o ABSOLUTE
    ..\Src\gpio.c                            0x00000000   Number         0  gpio.o ABSOLUTE
    ..\Src\main.c                            0x00000000   Number         0  main.o ABSOLUTE
    ..\Src\stm32f1xx_hal_msp.c               0x00000000   Number         0  stm32f1xx_hal_msp.o ABSOLUTE
    ..\Src\stm32f1xx_it.c                    0x00000000   Number         0  stm32f1xx_it.o ABSOLUTE
    ..\Src\tim.c                             0x00000000   Number         0  tim.o ABSOLUTE
    ..\Src\usart.c                           0x00000000   Number         0  usart.o ABSOLUTE
    ..\\DSP\\inc\\DSP_Bell.c                 0x00000000   Number         0  dsp_bell.o ABSOLUTE
    ..\\DSP\\inc\\DSP_CO.c                   0x00000000   Number         0  dsp_co.o ABSOLUTE
    ..\\DSP\\inc\\DSP_flash.c                0x00000000   Number         0  dsp_flash.o ABSOLUTE
    ..\\DSP\\inc\\bsp_DS18B20.c              0x00000000   Number         0  bsp_ds18b20.o ABSOLUTE
    ..\\Src\\ReadID.c                        0x00000000   Number         0  readid.o ABSOLUTE
    ..\\Src\system_stm32f1xx.c               0x00000000   Number         0  system_stm32f1xx.o ABSOLUTE
    dc.s                                     0x00000000   Number         0  dc.o ABSOLUTE
    handlers.s                               0x00000000   Number         0  handlers.o ABSOLUTE
    init.s                                   0x00000000   Number         0  init.o ABSOLUTE
    startup_stm32f105xc.s                    0x00000000   Number         0  startup_stm32f105xc.o ABSOLUTE
    RESET                                    0x08000000   Section      336  startup_stm32f105xc.o(RESET)
    .ARM.Collect$$$$00000000                 0x08000150   Section        0  entry.o(.ARM.Collect$$$$00000000)
    .ARM.Collect$$$$00000001                 0x08000150   Section        4  entry2.o(.ARM.Collect$$$$00000001)
    .ARM.Collect$$$$00000004                 0x08000154   Section        4  entry5.o(.ARM.Collect$$$$00000004)
    .ARM.Collect$$$$00000008                 0x08000158   Section        0  entry7b.o(.ARM.Collect$$$$00000008)
    .ARM.Collect$$$$0000000A                 0x08000158   Section        0  entry8b.o(.ARM.Collect$$$$0000000A)
    .ARM.Collect$$$$0000000B                 0x08000158   Section        8  entry9a.o(.ARM.Collect$$$$0000000B)
    .ARM.Collect$$$$0000000D                 0x08000160   Section        0  entry10a.o(.ARM.Collect$$$$0000000D)
    .ARM.Collect$$$$0000000F                 0x08000160   Section        0  entry11a.o(.ARM.Collect$$$$0000000F)
    .ARM.Collect$$$$00002712                 0x08000160   Section        4  entry2.o(.ARM.Collect$$$$00002712)
    __lit__00000000                          0x08000160   Data           4  entry2.o(.ARM.Collect$$$$00002712)
    .text                                    0x08000164   Section       36  startup_stm32f105xc.o(.text)
    .text                                    0x08000188   Section        0  uldiv.o(.text)
    .text                                    0x080001ea   Section        0  llushr.o(.text)
    .text                                    0x0800020a   Section        0  fadd.o(.text)
    .text                                    0x080002ba   Section        0  fmul.o(.text)
    .text                                    0x0800031e   Section        0  fdiv.o(.text)
    .text                                    0x0800039a   Section        0  dmul.o(.text)
    .text                                    0x0800047e   Section        0  dscalb.o(.text)
    .text                                    0x080004ac   Section        0  fflti.o(.text)
    .text                                    0x080004be   Section        0  dflti.o(.text)
    .text                                    0x080004e0   Section        0  dfltui.o(.text)
    .text                                    0x080004fa   Section        0  ffixi.o(.text)
    .text                                    0x0800052c   Section        0  ffixui.o(.text)
    .text                                    0x08000554   Section        0  d2f.o(.text)
    .text                                    0x0800058c   Section        0  llshl.o(.text)
    .text                                    0x080005aa   Section        0  fepilogue.o(.text)
    .text                                    0x080005aa   Section        0  iusefp.o(.text)
    .text                                    0x08000618   Section        0  depilogue.o(.text)
    .text                                    0x080006d4   Section       36  init.o(.text)
    i.BELLorLEDS                             0x080006f8   Section        0  dsp_bell.o(i.BELLorLEDS)
    i.BusFault_Handler                       0x0800075c   Section        0  stm32f1xx_it.o(i.BusFault_Handler)
    i.CAN1_RX0_IRQHandler                    0x08000760   Section        0  stm32f1xx_it.o(i.CAN1_RX0_IRQHandler)
    i.CAN2_RX0_IRQHandler                    0x0800076c   Section        0  stm32f1xx_it.o(i.CAN2_RX0_IRQHandler)
    i.CAN_Receive_IT                         0x08000778   Section        0  stm32f1xx_hal_can.o(i.CAN_Receive_IT)
    CAN_Receive_IT                           0x08000779   Thumb Code   294  stm32f1xx_hal_can.o(i.CAN_Receive_IT)
    i.DS18B20_Delay                          0x0800089e   Section        0  bsp_ds18b20.o(i.DS18B20_Delay)
    DS18B20_Delay                            0x0800089f   Thumb Code    22  bsp_ds18b20.o(i.DS18B20_Delay)
    i.DS18B20_GetTemp_SkipRom                0x080008b4   Section        0  bsp_ds18b20.o(i.DS18B20_GetTemp_SkipRom)
    i.DS18B20_Init                           0x080008f8   Section        0  bsp_ds18b20.o(i.DS18B20_Init)
    i.DS18B20_Mode_IPU                       0x08000930   Section        0  bsp_ds18b20.o(i.DS18B20_Mode_IPU)
    DS18B20_Mode_IPU                         0x08000931   Thumb Code    24  bsp_ds18b20.o(i.DS18B20_Mode_IPU)
    i.DS18B20_Mode_Out_PP                    0x0800094c   Section        0  bsp_ds18b20.o(i.DS18B20_Mode_Out_PP)
    DS18B20_Mode_Out_PP                      0x0800094d   Thumb Code    24  bsp_ds18b20.o(i.DS18B20_Mode_Out_PP)
    i.DS18B20_Presence                       0x08000968   Section        0  bsp_ds18b20.o(i.DS18B20_Presence)
    DS18B20_Presence                         0x08000969   Thumb Code    84  bsp_ds18b20.o(i.DS18B20_Presence)
    i.DS18B20_ReadByte                       0x080009c0   Section        0  bsp_ds18b20.o(i.DS18B20_ReadByte)
    DS18B20_ReadByte                         0x080009c1   Thumb Code    80  bsp_ds18b20.o(i.DS18B20_ReadByte)
    i.DS18B20_Rst                            0x08000a14   Section        0  bsp_ds18b20.o(i.DS18B20_Rst)
    DS18B20_Rst                              0x08000a15   Thumb Code    46  bsp_ds18b20.o(i.DS18B20_Rst)
    i.DS18B20_SkipRom                        0x08000a48   Section        0  bsp_ds18b20.o(i.DS18B20_SkipRom)
    DS18B20_SkipRom                          0x08000a49   Thumb Code    20  bsp_ds18b20.o(i.DS18B20_SkipRom)
    i.DS18B20_WriteByte                      0x08000a5c   Section        0  bsp_ds18b20.o(i.DS18B20_WriteByte)
    DS18B20_WriteByte                        0x08000a5d   Thumb Code    92  bsp_ds18b20.o(i.DS18B20_WriteByte)
    i.DSPCoInit                              0x08000abc   Section        0  dsp_co.o(i.DSPCoInit)
    i.DebugMon_Handler                       0x08000ad0   Section        0  stm32f1xx_it.o(i.DebugMon_Handler)
    i.FucCheckSum                            0x08000ad2   Section        0  dsp_co.o(i.FucCheckSum)
    i.HAL_CAN_ConfigFilter                   0x08000af8   Section        0  stm32f1xx_hal_can.o(i.HAL_CAN_ConfigFilter)
    i.HAL_CAN_ErrorCallback                  0x08000bea   Section        0  stm32f1xx_hal_can.o(i.HAL_CAN_ErrorCallback)
    i.HAL_CAN_IRQHandler                     0x08000bec   Section        0  stm32f1xx_hal_can.o(i.HAL_CAN_IRQHandler)
    i.HAL_CAN_Init                           0x08000e20   Section        0  stm32f1xx_hal_can.o(i.HAL_CAN_Init)
    i.HAL_CAN_MspInit                        0x08000f4c   Section        0  can.o(i.HAL_CAN_MspInit)
    i.HAL_CAN_Receive_IT                     0x0800102c   Section        0  stm32f1xx_hal_can.o(i.HAL_CAN_Receive_IT)
    i.HAL_CAN_RxCpltCallback                 0x080010e0   Section        0  main.o(i.HAL_CAN_RxCpltCallback)
    i.HAL_CAN_Transmit                       0x08001100   Section        0  stm32f1xx_hal_can.o(i.HAL_CAN_Transmit)
    i.HAL_CAN_TxCpltCallback                 0x080012cc   Section        0  stm32f1xx_hal_can.o(i.HAL_CAN_TxCpltCallback)
    i.HAL_DMA_Abort_IT                       0x080012d0   Section        0  stm32f1xx_hal_dma.o(i.HAL_DMA_Abort_IT)
    i.HAL_Delay                              0x08001400   Section        0  stm32f1xx_hal.o(i.HAL_Delay)
    i.HAL_GPIO_Init                          0x08001424   Section        0  stm32f1xx_hal_gpio.o(i.HAL_GPIO_Init)
    i.HAL_GPIO_ReadPin                       0x080015e0   Section        0  stm32f1xx_hal_gpio.o(i.HAL_GPIO_ReadPin)
    i.HAL_GPIO_TogglePin                     0x080015ea   Section        0  stm32f1xx_hal_gpio.o(i.HAL_GPIO_TogglePin)
    i.HAL_GPIO_WritePin                      0x080015f2   Section        0  stm32f1xx_hal_gpio.o(i.HAL_GPIO_WritePin)
    i.HAL_GetTick                            0x080015fc   Section        0  stm32f1xx_hal.o(i.HAL_GetTick)
    i.HAL_IncTick                            0x08001608   Section        0  stm32f1xx_hal.o(i.HAL_IncTick)
    i.HAL_Init                               0x08001618   Section        0  stm32f1xx_hal.o(i.HAL_Init)
    i.HAL_InitTick                           0x0800163c   Section        0  stm32f1xx_hal.o(i.HAL_InitTick)
    i.HAL_MspInit                            0x0800167c   Section        0  stm32f1xx_hal_msp.o(i.HAL_MspInit)
    i.HAL_NVIC_EnableIRQ                     0x0800170c   Section        0  stm32f1xx_hal_cortex.o(i.HAL_NVIC_EnableIRQ)
    i.HAL_NVIC_SetPriority                   0x08001724   Section        0  stm32f1xx_hal_cortex.o(i.HAL_NVIC_SetPriority)
    i.HAL_NVIC_SetPriorityGrouping           0x08001764   Section        0  stm32f1xx_hal_cortex.o(i.HAL_NVIC_SetPriorityGrouping)
    i.HAL_RCC_ClockConfig                    0x08001788   Section        0  stm32f1xx_hal_rcc.o(i.HAL_RCC_ClockConfig)
    i.HAL_RCC_GetHCLKFreq                    0x080018dc   Section        0  stm32f1xx_hal_rcc.o(i.HAL_RCC_GetHCLKFreq)
    i.HAL_RCC_GetPCLK1Freq                   0x080018e8   Section        0  stm32f1xx_hal_rcc.o(i.HAL_RCC_GetPCLK1Freq)
    i.HAL_RCC_GetPCLK2Freq                   0x08001908   Section        0  stm32f1xx_hal_rcc.o(i.HAL_RCC_GetPCLK2Freq)
    i.HAL_RCC_GetSysClockFreq                0x08001928   Section        0  stm32f1xx_hal_rcc.o(i.HAL_RCC_GetSysClockFreq)
    i.HAL_RCC_OscConfig                      0x080019e4   Section        0  stm32f1xx_hal_rcc.o(i.HAL_RCC_OscConfig)
    i.HAL_SYSTICK_CLKSourceConfig            0x08001dac   Section        0  stm32f1xx_hal_cortex.o(i.HAL_SYSTICK_CLKSourceConfig)
    i.HAL_SYSTICK_Callback                   0x08001dc4   Section        0  stm32f1xx_hal_cortex.o(i.HAL_SYSTICK_Callback)
    i.HAL_SYSTICK_Config                     0x08001dc6   Section        0  stm32f1xx_hal_cortex.o(i.HAL_SYSTICK_Config)
    i.HAL_SYSTICK_IRQHandler                 0x08001dee   Section        0  stm32f1xx_hal_cortex.o(i.HAL_SYSTICK_IRQHandler)
    i.HAL_TIMEx_BreakCallback                0x08001df6   Section        0  stm32f1xx_hal_tim_ex.o(i.HAL_TIMEx_BreakCallback)
    i.HAL_TIMEx_CommutationCallback          0x08001df8   Section        0  stm32f1xx_hal_tim_ex.o(i.HAL_TIMEx_CommutationCallback)
    i.HAL_TIMEx_MasterConfigSynchronization  0x08001dfa   Section        0  stm32f1xx_hal_tim_ex.o(i.HAL_TIMEx_MasterConfigSynchronization)
    i.HAL_TIM_Base_Init                      0x08001e4a   Section        0  stm32f1xx_hal_tim.o(i.HAL_TIM_Base_Init)
    i.HAL_TIM_Base_MspInit                   0x08001e80   Section        0  tim.o(i.HAL_TIM_Base_MspInit)
    i.HAL_TIM_Base_Start_IT                  0x08001eb8   Section        0  stm32f1xx_hal_tim.o(i.HAL_TIM_Base_Start_IT)
    i.HAL_TIM_ConfigClockSource              0x08001ed0   Section        0  stm32f1xx_hal_tim.o(i.HAL_TIM_ConfigClockSource)
    i.HAL_TIM_IC_CaptureCallback             0x08001fc2   Section        0  stm32f1xx_hal_tim.o(i.HAL_TIM_IC_CaptureCallback)
    i.HAL_TIM_IRQHandler                     0x08001fc4   Section        0  stm32f1xx_hal_tim.o(i.HAL_TIM_IRQHandler)
    i.HAL_TIM_OC_DelayElapsedCallback        0x0800212a   Section        0  stm32f1xx_hal_tim.o(i.HAL_TIM_OC_DelayElapsedCallback)
    i.HAL_TIM_PWM_PulseFinishedCallback      0x0800212c   Section        0  stm32f1xx_hal_tim.o(i.HAL_TIM_PWM_PulseFinishedCallback)
    i.HAL_TIM_PeriodElapsedCallback          0x08002130   Section        0  main.o(i.HAL_TIM_PeriodElapsedCallback)
    i.HAL_TIM_TriggerCallback                0x0800231c   Section        0  stm32f1xx_hal_tim.o(i.HAL_TIM_TriggerCallback)
    i.HAL_UART_ErrorCallback                 0x0800231e   Section        0  stm32f1xx_hal_uart.o(i.HAL_UART_ErrorCallback)
    i.HAL_UART_IRQHandler                    0x08002320   Section        0  stm32f1xx_hal_uart.o(i.HAL_UART_IRQHandler)
    i.HAL_UART_Init                          0x08002430   Section        0  stm32f1xx_hal_uart.o(i.HAL_UART_Init)
    i.HAL_UART_MspInit                       0x08002494   Section        0  usart.o(i.HAL_UART_MspInit)
    i.HAL_UART_Receive_IT                    0x080024fc   Section        0  stm32f1xx_hal_uart.o(i.HAL_UART_Receive_IT)
    i.HAL_UART_RxCpltCallback                0x08002550   Section        0  main.o(i.HAL_UART_RxCpltCallback)
    i.HAL_UART_Transmit                      0x0800259c   Section        0  stm32f1xx_hal_uart.o(i.HAL_UART_Transmit)
    i.HAL_UART_TxCpltCallback                0x08002656   Section        0  stm32f1xx_hal_uart.o(i.HAL_UART_TxCpltCallback)
    i.HardFault_Handler                      0x08002658   Section        0  stm32f1xx_it.o(i.HardFault_Handler)
    i.MX_CAN1_Init                           0x0800265c   Section        0  can.o(i.MX_CAN1_Init)
    i.MX_CAN2_Init                           0x080026b4   Section        0  can.o(i.MX_CAN2_Init)
    i.MX_GPIO_Init                           0x0800270c   Section        0  gpio.o(i.MX_GPIO_Init)
    i.MX_TIM2_Init                           0x080027d0   Section        0  tim.o(i.MX_TIM2_Init)
    i.MX_USART1_UART_Init                    0x08002848   Section        0  usart.o(i.MX_USART1_UART_Init)
    i.MemManage_Handler                      0x08002894   Section        0  stm32f1xx_it.o(i.MemManage_Handler)
    i.NMI_Handler                            0x08002896   Section        0  stm32f1xx_it.o(i.NMI_Handler)
    i.NVIC_SetPriority                       0x08002898   Section        0  stm32f1xx_hal_cortex.o(i.NVIC_SetPriority)
    NVIC_SetPriority                         0x08002899   Thumb Code    32  stm32f1xx_hal_cortex.o(i.NVIC_SetPriority)
    i.PendSV_Handler                         0x080028b8   Section        0  stm32f1xx_it.o(i.PendSV_Handler)
    i.Read_ID_Output                         0x080028bc   Section        0  readid.o(i.Read_ID_Output)
    i.SVC_Handler                            0x0800290c   Section        0  stm32f1xx_it.o(i.SVC_Handler)
    i.SysTick_Handler                        0x0800290e   Section        0  stm32f1xx_it.o(i.SysTick_Handler)
    i.SystemClock_Config                     0x0800291c   Section        0  main.o(i.SystemClock_Config)
    i.SystemInit                             0x08002990   Section        0  system_stm32f1xx.o(i.SystemInit)
    i.TIM2_IRQHandler                        0x080029e4   Section        0  stm32f1xx_it.o(i.TIM2_IRQHandler)
    i.TIM_Base_SetConfig                     0x080029f0   Section        0  stm32f1xx_hal_tim.o(i.TIM_Base_SetConfig)
    i.TIM_ETR_SetConfig                      0x08002a6c   Section        0  stm32f1xx_hal_tim.o(i.TIM_ETR_SetConfig)
    TIM_ETR_SetConfig                        0x08002a6d   Thumb Code    20  stm32f1xx_hal_tim.o(i.TIM_ETR_SetConfig)
    i.TIM_ITRx_SetConfig                     0x08002a80   Section        0  stm32f1xx_hal_tim.o(i.TIM_ITRx_SetConfig)
    TIM_ITRx_SetConfig                       0x08002a81   Thumb Code    16  stm32f1xx_hal_tim.o(i.TIM_ITRx_SetConfig)
    i.TIM_TI1_ConfigInputStage               0x08002a90   Section        0  stm32f1xx_hal_tim.o(i.TIM_TI1_ConfigInputStage)
    TIM_TI1_ConfigInputStage                 0x08002a91   Thumb Code    34  stm32f1xx_hal_tim.o(i.TIM_TI1_ConfigInputStage)
    i.TIM_TI2_ConfigInputStage               0x08002ab2   Section        0  stm32f1xx_hal_tim.o(i.TIM_TI2_ConfigInputStage)
    TIM_TI2_ConfigInputStage                 0x08002ab3   Thumb Code    36  stm32f1xx_hal_tim.o(i.TIM_TI2_ConfigInputStage)
    i.UART_DMAAbortOnError                   0x08002ad6   Section        0  stm32f1xx_hal_uart.o(i.UART_DMAAbortOnError)
    UART_DMAAbortOnError                     0x08002ad7   Thumb Code    16  stm32f1xx_hal_uart.o(i.UART_DMAAbortOnError)
    i.UART_EndRxTransfer                     0x08002ae6   Section        0  stm32f1xx_hal_uart.o(i.UART_EndRxTransfer)
    UART_EndRxTransfer                       0x08002ae7   Thumb Code    28  stm32f1xx_hal_uart.o(i.UART_EndRxTransfer)
    i.UART_Receive_IT                        0x08002b02   Section        0  stm32f1xx_hal_uart.o(i.UART_Receive_IT)
    UART_Receive_IT                          0x08002b03   Thumb Code   150  stm32f1xx_hal_uart.o(i.UART_Receive_IT)
    i.UART_SetConfig                         0x08002b98   Section        0  stm32f1xx_hal_uart.o(i.UART_SetConfig)
    UART_SetConfig                           0x08002b99   Thumb Code   364  stm32f1xx_hal_uart.o(i.UART_SetConfig)
    i.UART_Transmit_IT                       0x08002d08   Section        0  stm32f1xx_hal_uart.o(i.UART_Transmit_IT)
    UART_Transmit_IT                         0x08002d09   Thumb Code    98  stm32f1xx_hal_uart.o(i.UART_Transmit_IT)
    i.UART_WaitOnFlagUntilTimeout            0x08002d6a   Section        0  stm32f1xx_hal_uart.o(i.UART_WaitOnFlagUntilTimeout)
    UART_WaitOnFlagUntilTimeout              0x08002d6b   Thumb Code   100  stm32f1xx_hal_uart.o(i.UART_WaitOnFlagUntilTimeout)
    i.USART1_IRQHandler                      0x08002dd0   Section        0  stm32f1xx_it.o(i.USART1_IRQHandler)
    i.UsageFault_Handler                     0x08002ddc   Section        0  stm32f1xx_it.o(i.UsageFault_Handler)
    i._Error_Handler                         0x08002dde   Section        0  main.o(i._Error_Handler)
    i.__scatterload_copy                     0x08002de0   Section       14  handlers.o(i.__scatterload_copy)
    i.__scatterload_null                     0x08002dee   Section        2  handlers.o(i.__scatterload_null)
    i.__scatterload_zeroinit                 0x08002df0   Section       14  handlers.o(i.__scatterload_zeroinit)
    i.kalmanFilter_A                         0x08002e00   Section        0  main.o(i.kalmanFilter_A)
    i.main                                   0x08002e58   Section        0  main.o(i.main)
    i.readFlashTest                          0x08003248   Section        0  dsp_flash.o(i.readFlashTest)
    .constdata                               0x08003254   Section       16  system_stm32f1xx.o(.constdata)
    .constdata                               0x08003264   Section        8  system_stm32f1xx.o(.constdata)
    .data                                    0x20000000   Section        4  dsp_flash.o(.data)
    .data                                    0x20000004   Section        9  dsp_co.o(.data)
    .data                                    0x20000010   Section       28  main.o(.data)
    prevData                                 0x20000010   Data           4  main.o(.data)
    p                                        0x20000014   Data           4  main.o(.data)
    q                                        0x20000018   Data           4  main.o(.data)
    r                                        0x2000001c   Data           4  main.o(.data)
    kGain                                    0x20000020   Data           4  main.o(.data)
    .data                                    0x2000002c   Section        4  can.o(.data)
    HAL_RCC_CAN1_CLK_ENABLED                 0x2000002c   Data           4  can.o(.data)
    .data                                    0x20000030   Section       12  stm32f1xx_hal.o(.data)
    .data                                    0x2000003c   Section        4  system_stm32f1xx.o(.data)
    .bss                                     0x20000040   Section       16  dsp_bell.o(.bss)
    CountTime                                0x20000040   Data          16  dsp_bell.o(.bss)
    .bss                                     0x20000050   Section      328  main.o(.bss)
    data_Box                                 0x20000050   Data         164  main.o(.bss)
    flag                                     0x200000f4   Data          20  main.o(.bss)
    CountTime                                0x20000108   Data          16  main.o(.bss)
    RxMessage                                0x20000118   Data          36  main.o(.bss)
    TxMessage                                0x2000013c   Data          28  main.o(.bss)
    RxMessage1                               0x20000158   Data          36  main.o(.bss)
    TxMessage1                               0x2000017c   Data          28  main.o(.bss)
    .bss                                     0x20000198   Section      136  can.o(.bss)
    .bss                                     0x20000220   Section       64  tim.o(.bss)
    .bss                                     0x20000260   Section       64  usart.o(.bss)
    STACK                                    0x200002a0   Section     1024  startup_stm32f105xc.o(STACK)

    Global Symbols

    Symbol Name                              Value     Ov Type        Size  Object(Section)

    BuildAttributes$$THM_ISAv4$P$D$K$B$S$PE$A:L22UL41UL21$X:L11$S22US41US21$IEEE1$IW$USESV6$~STKCKD$USESV7$~SHL$OTIME$ROPI$EBA8$MICROLIB$REQ8$PRES8$EABIv2 0x00000000   Number         0  anon$$obj.o ABSOLUTE
    __ARM_use_no_argv                        0x00000000   Number         0  main.o ABSOLUTE
    __cpp_initialize__aeabi_                  - Undefined Weak Reference
    __cxa_finalize                            - Undefined Weak Reference
    __decompress                              - Undefined Weak Reference
    _clock_init                               - Undefined Weak Reference
    _microlib_exit                            - Undefined Weak Reference
    __Vectors_Size                           0x00000150   Number         0  startup_stm32f105xc.o ABSOLUTE
    __Vectors                                0x08000000   Data           4  startup_stm32f105xc.o(RESET)
    __Vectors_End                            0x08000150   Data           0  startup_stm32f105xc.o(RESET)
    __main                                   0x08000151   Thumb Code     0  entry.o(.ARM.Collect$$$$00000000)
    _main_stk                                0x08000151   Thumb Code     0  entry2.o(.ARM.Collect$$$$00000001)
    _main_scatterload                        0x08000155   Thumb Code     0  entry5.o(.ARM.Collect$$$$00000004)
    __main_after_scatterload                 0x08000159   Thumb Code     0  entry5.o(.ARM.Collect$$$$00000004)
    _main_clock                              0x08000159   Thumb Code     0  entry7b.o(.ARM.Collect$$$$00000008)
    _main_cpp_init                           0x08000159   Thumb Code     0  entry8b.o(.ARM.Collect$$$$0000000A)
    _main_init                               0x08000159   Thumb Code     0  entry9a.o(.ARM.Collect$$$$0000000B)
    __rt_final_cpp                           0x08000161   Thumb Code     0  entry10a.o(.ARM.Collect$$$$0000000D)
    __rt_final_exit                          0x08000161   Thumb Code     0  entry11a.o(.ARM.Collect$$$$0000000F)
    Reset_Handler                            0x08000165   Thumb Code     8  startup_stm32f105xc.o(.text)
    ADC1_2_IRQHandler                        0x0800017f   Thumb Code     0  startup_stm32f105xc.o(.text)
    CAN1_RX1_IRQHandler                      0x0800017f   Thumb Code     0  startup_stm32f105xc.o(.text)
    CAN1_SCE_IRQHandler                      0x0800017f   Thumb Code     0  startup_stm32f105xc.o(.text)
    CAN1_TX_IRQHandler                       0x0800017f   Thumb Code     0  startup_stm32f105xc.o(.text)
    CAN2_RX1_IRQHandler                      0x0800017f   Thumb Code     0  startup_stm32f105xc.o(.text)
    CAN2_SCE_IRQHandler                      0x0800017f   Thumb Code     0  startup_stm32f105xc.o(.text)
    CAN2_TX_IRQHandler                       0x0800017f   Thumb Code     0  startup_stm32f105xc.o(.text)
    DMA1_Channel1_IRQHandler                 0x0800017f   Thumb Code     0  startup_stm32f105xc.o(.text)
    DMA1_Channel2_IRQHandler                 0x0800017f   Thumb Code     0  startup_stm32f105xc.o(.text)
    DMA1_Channel3_IRQHandler                 0x0800017f   Thumb Code     0  startup_stm32f105xc.o(.text)
    DMA1_Channel4_IRQHandler                 0x0800017f   Thumb Code     0  startup_stm32f105xc.o(.text)
    DMA1_Channel5_IRQHandler                 0x0800017f   Thumb Code     0  startup_stm32f105xc.o(.text)
    DMA1_Channel6_IRQHandler                 0x0800017f   Thumb Code     0  startup_stm32f105xc.o(.text)
    DMA1_Channel7_IRQHandler                 0x0800017f   Thumb Code     0  startup_stm32f105xc.o(.text)
    DMA2_Channel1_IRQHandler                 0x0800017f   Thumb Code     0  startup_stm32f105xc.o(.text)
    DMA2_Channel2_IRQHandler                 0x0800017f   Thumb Code     0  startup_stm32f105xc.o(.text)
    DMA2_Channel3_IRQHandler                 0x0800017f   Thumb Code     0  startup_stm32f105xc.o(.text)
    DMA2_Channel4_IRQHandler                 0x0800017f   Thumb Code     0  startup_stm32f105xc.o(.text)
    DMA2_Channel5_IRQHandler                 0x0800017f   Thumb Code     0  startup_stm32f105xc.o(.text)
    EXTI0_IRQHandler                         0x0800017f   Thumb Code     0  startup_stm32f105xc.o(.text)
    EXTI15_10_IRQHandler                     0x0800017f   Thumb Code     0  startup_stm32f105xc.o(.text)
    EXTI1_IRQHandler                         0x0800017f   Thumb Code     0  startup_stm32f105xc.o(.text)
    EXTI2_IRQHandler                         0x0800017f   Thumb Code     0  startup_stm32f105xc.o(.text)
    EXTI3_IRQHandler                         0x0800017f   Thumb Code     0  startup_stm32f105xc.o(.text)
    EXTI4_IRQHandler                         0x0800017f   Thumb Code     0  startup_stm32f105xc.o(.text)
    EXTI9_5_IRQHandler                       0x0800017f   Thumb Code     0  startup_stm32f105xc.o(.text)
    FLASH_IRQHandler                         0x0800017f   Thumb Code     0  startup_stm32f105xc.o(.text)
    I2C1_ER_IRQHandler                       0x0800017f   Thumb Code     0  startup_stm32f105xc.o(.text)
    I2C1_EV_IRQHandler                       0x0800017f   Thumb Code     0  startup_stm32f105xc.o(.text)
    I2C2_ER_IRQHandler                       0x0800017f   Thumb Code     0  startup_stm32f105xc.o(.text)
    I2C2_EV_IRQHandler                       0x0800017f   Thumb Code     0  startup_stm32f105xc.o(.text)
    OTG_FS_IRQHandler                        0x0800017f   Thumb Code     0  startup_stm32f105xc.o(.text)
    OTG_FS_WKUP_IRQHandler                   0x0800017f   Thumb Code     0  startup_stm32f105xc.o(.text)
    PVD_IRQHandler                           0x0800017f   Thumb Code     0  startup_stm32f105xc.o(.text)
    RCC_IRQHandler                           0x0800017f   Thumb Code     0  startup_stm32f105xc.o(.text)
    RTC_Alarm_IRQHandler                     0x0800017f   Thumb Code     0  startup_stm32f105xc.o(.text)
    RTC_IRQHandler                           0x0800017f   Thumb Code     0  startup_stm32f105xc.o(.text)
    SPI1_IRQHandler                          0x0800017f   Thumb Code     0  startup_stm32f105xc.o(.text)
    SPI2_IRQHandler                          0x0800017f   Thumb Code     0  startup_stm32f105xc.o(.text)
    SPI3_IRQHandler                          0x0800017f   Thumb Code     0  startup_stm32f105xc.o(.text)
    TAMPER_IRQHandler                        0x0800017f   Thumb Code     0  startup_stm32f105xc.o(.text)
    TIM1_BRK_IRQHandler                      0x0800017f   Thumb Code     0  startup_stm32f105xc.o(.text)
    TIM1_CC_IRQHandler                       0x0800017f   Thumb Code     0  startup_stm32f105xc.o(.text)
    TIM1_TRG_COM_IRQHandler                  0x0800017f   Thumb Code     0  startup_stm32f105xc.o(.text)
    TIM1_UP_IRQHandler                       0x0800017f   Thumb Code     0  startup_stm32f105xc.o(.text)
    TIM3_IRQHandler                          0x0800017f   Thumb Code     0  startup_stm32f105xc.o(.text)
    TIM4_IRQHandler                          0x0800017f   Thumb Code     0  startup_stm32f105xc.o(.text)
    TIM5_IRQHandler                          0x0800017f   Thumb Code     0  startup_stm32f105xc.o(.text)
    TIM6_IRQHandler                          0x0800017f   Thumb Code     0  startup_stm32f105xc.o(.text)
    TIM7_IRQHandler                          0x0800017f   Thumb Code     0  startup_stm32f105xc.o(.text)
    UART4_IRQHandler                         0x0800017f   Thumb Code     0  startup_stm32f105xc.o(.text)
    UART5_IRQHandler                         0x0800017f   Thumb Code     0  startup_stm32f105xc.o(.text)
    USART2_IRQHandler                        0x0800017f   Thumb Code     0  startup_stm32f105xc.o(.text)
    USART3_IRQHandler                        0x0800017f   Thumb Code     0  startup_stm32f105xc.o(.text)
    WWDG_IRQHandler                          0x0800017f   Thumb Code     0  startup_stm32f105xc.o(.text)
    __aeabi_uldivmod                         0x08000189   Thumb Code    98  uldiv.o(.text)
    __aeabi_llsr                             0x080001eb   Thumb Code    32  llushr.o(.text)
    _ll_ushift_r                             0x080001eb   Thumb Code     0  llushr.o(.text)
    __aeabi_fadd                             0x0800020b   Thumb Code   164  fadd.o(.text)
    __aeabi_fsub                             0x080002af   Thumb Code     6  fadd.o(.text)
    __aeabi_frsub                            0x080002b5   Thumb Code     6  fadd.o(.text)
    __aeabi_fmul                             0x080002bb   Thumb Code   100  fmul.o(.text)
    __aeabi_fdiv                             0x0800031f   Thumb Code   124  fdiv.o(.text)
    __aeabi_dmul                             0x0800039b   Thumb Code   228  dmul.o(.text)
    __ARM_scalbn                             0x0800047f   Thumb Code    46  dscalb.o(.text)
    scalbn                                   0x0800047f   Thumb Code     0  dscalb.o(.text)
    __aeabi_i2f                              0x080004ad   Thumb Code    18  fflti.o(.text)
    __aeabi_i2d                              0x080004bf   Thumb Code    34  dflti.o(.text)
    __aeabi_ui2d                             0x080004e1   Thumb Code    26  dfltui.o(.text)
    __aeabi_f2iz                             0x080004fb   Thumb Code    50  ffixi.o(.text)
    __aeabi_f2uiz                            0x0800052d   Thumb Code    40  ffixui.o(.text)
    __aeabi_d2f                              0x08000555   Thumb Code    56  d2f.o(.text)
    __aeabi_llsl                             0x0800058d   Thumb Code    30  llshl.o(.text)
    _ll_shift_l                              0x0800058d   Thumb Code     0  llshl.o(.text)
    __I$use$fp                               0x080005ab   Thumb Code     0  iusefp.o(.text)
    _float_round                             0x080005ab   Thumb Code    18  fepilogue.o(.text)
    _float_epilogue                          0x080005bd   Thumb Code    92  fepilogue.o(.text)
    _double_round                            0x08000619   Thumb Code    30  depilogue.o(.text)
    _double_epilogue                         0x08000637   Thumb Code   156  depilogue.o(.text)
    __scatterload                            0x080006d5   Thumb Code    28  init.o(.text)
    __scatterload_rt2                        0x080006d5   Thumb Code     0  init.o(.text)
    BELLorLEDS                               0x080006f9   Thumb Code    92  dsp_bell.o(i.BELLorLEDS)
    BusFault_Handler                         0x0800075d   Thumb Code     2  stm32f1xx_it.o(i.BusFault_Handler)
    CAN1_RX0_IRQHandler                      0x08000761   Thumb Code     6  stm32f1xx_it.o(i.CAN1_RX0_IRQHandler)
    CAN2_RX0_IRQHandler                      0x0800076d   Thumb Code     6  stm32f1xx_it.o(i.CAN2_RX0_IRQHandler)
    DS18B20_GetTemp_SkipRom                  0x080008b5   Thumb Code    68  bsp_ds18b20.o(i.DS18B20_GetTemp_SkipRom)
    DS18B20_Init                             0x080008f9   Thumb Code    46  bsp_ds18b20.o(i.DS18B20_Init)
    DSPCoInit                                0x08000abd   Thumb Code    12  dsp_co.o(i.DSPCoInit)
    DebugMon_Handler                         0x08000ad1   Thumb Code     2  stm32f1xx_it.o(i.DebugMon_Handler)
    FucCheckSum                              0x08000ad3   Thumb Code    36  dsp_co.o(i.FucCheckSum)
    HAL_CAN_ConfigFilter                     0x08000af9   Thumb Code   242  stm32f1xx_hal_can.o(i.HAL_CAN_ConfigFilter)
    HAL_CAN_ErrorCallback                    0x08000beb   Thumb Code     2  stm32f1xx_hal_can.o(i.HAL_CAN_ErrorCallback)
    HAL_CAN_IRQHandler                       0x08000bed   Thumb Code   548  stm32f1xx_hal_can.o(i.HAL_CAN_IRQHandler)
    HAL_CAN_Init                             0x08000e21   Thumb Code   300  stm32f1xx_hal_can.o(i.HAL_CAN_Init)
    HAL_CAN_MspInit                          0x08000f4d   Thumb Code   200  can.o(i.HAL_CAN_MspInit)
    HAL_CAN_Receive_IT                       0x0800102d   Thumb Code   180  stm32f1xx_hal_can.o(i.HAL_CAN_Receive_IT)
    HAL_CAN_RxCpltCallback                   0x080010e1   Thumb Code    22  main.o(i.HAL_CAN_RxCpltCallback)
    HAL_CAN_Transmit                         0x08001101   Thumb Code   446  stm32f1xx_hal_can.o(i.HAL_CAN_Transmit)
    HAL_CAN_TxCpltCallback                   0x080012cd   Thumb Code     2  stm32f1xx_hal_can.o(i.HAL_CAN_TxCpltCallback)
    HAL_DMA_Abort_IT                         0x080012d1   Thumb Code   296  stm32f1xx_hal_dma.o(i.HAL_DMA_Abort_IT)
    HAL_Delay                                0x08001401   Thumb Code    32  stm32f1xx_hal.o(i.HAL_Delay)
    HAL_GPIO_Init                            0x08001425   Thumb Code   408  stm32f1xx_hal_gpio.o(i.HAL_GPIO_Init)
    HAL_GPIO_ReadPin                         0x080015e1   Thumb Code    10  stm32f1xx_hal_gpio.o(i.HAL_GPIO_ReadPin)
    HAL_GPIO_TogglePin                       0x080015eb   Thumb Code     8  stm32f1xx_hal_gpio.o(i.HAL_GPIO_TogglePin)
    HAL_GPIO_WritePin                        0x080015f3   Thumb Code    10  stm32f1xx_hal_gpio.o(i.HAL_GPIO_WritePin)
    HAL_GetTick                              0x080015fd   Thumb Code     6  stm32f1xx_hal.o(i.HAL_GetTick)
    HAL_IncTick                              0x08001609   Thumb Code    12  stm32f1xx_hal.o(i.HAL_IncTick)
    HAL_Init                                 0x08001619   Thumb Code    32  stm32f1xx_hal.o(i.HAL_Init)
    HAL_InitTick                             0x0800163d   Thumb Code    54  stm32f1xx_hal.o(i.HAL_InitTick)
    HAL_MspInit                              0x0800167d   Thumb Code   134  stm32f1xx_hal_msp.o(i.HAL_MspInit)
    HAL_NVIC_EnableIRQ                       0x0800170d   Thumb Code    22  stm32f1xx_hal_cortex.o(i.HAL_NVIC_EnableIRQ)
    HAL_NVIC_SetPriority                     0x08001725   Thumb Code    60  stm32f1xx_hal_cortex.o(i.HAL_NVIC_SetPriority)
    HAL_NVIC_SetPriorityGrouping             0x08001765   Thumb Code    26  stm32f1xx_hal_cortex.o(i.HAL_NVIC_SetPriorityGrouping)
    HAL_RCC_ClockConfig                      0x08001789   Thumb Code   322  stm32f1xx_hal_rcc.o(i.HAL_RCC_ClockConfig)
    HAL_RCC_GetHCLKFreq                      0x080018dd   Thumb Code     6  stm32f1xx_hal_rcc.o(i.HAL_RCC_GetHCLKFreq)
    HAL_RCC_GetPCLK1Freq                     0x080018e9   Thumb Code    20  stm32f1xx_hal_rcc.o(i.HAL_RCC_GetPCLK1Freq)
    HAL_RCC_GetPCLK2Freq                     0x08001909   Thumb Code    20  stm32f1xx_hal_rcc.o(i.HAL_RCC_GetPCLK2Freq)
    HAL_RCC_GetSysClockFreq                  0x08001929   Thumb Code   142  stm32f1xx_hal_rcc.o(i.HAL_RCC_GetSysClockFreq)
    HAL_RCC_OscConfig                        0x080019e5   Thumb Code   946  stm32f1xx_hal_rcc.o(i.HAL_RCC_OscConfig)
    HAL_SYSTICK_CLKSourceConfig              0x08001dad   Thumb Code    24  stm32f1xx_hal_cortex.o(i.HAL_SYSTICK_CLKSourceConfig)
    HAL_SYSTICK_Callback                     0x08001dc5   Thumb Code     2  stm32f1xx_hal_cortex.o(i.HAL_SYSTICK_Callback)
    HAL_SYSTICK_Config                       0x08001dc7   Thumb Code    40  stm32f1xx_hal_cortex.o(i.HAL_SYSTICK_Config)
    HAL_SYSTICK_IRQHandler                   0x08001def   Thumb Code     8  stm32f1xx_hal_cortex.o(i.HAL_SYSTICK_IRQHandler)
    HAL_TIMEx_BreakCallback                  0x08001df7   Thumb Code     2  stm32f1xx_hal_tim_ex.o(i.HAL_TIMEx_BreakCallback)
    HAL_TIMEx_CommutationCallback            0x08001df9   Thumb Code     2  stm32f1xx_hal_tim_ex.o(i.HAL_TIMEx_CommutationCallback)
    HAL_TIMEx_MasterConfigSynchronization    0x08001dfb   Thumb Code    80  stm32f1xx_hal_tim_ex.o(i.HAL_TIMEx_MasterConfigSynchronization)
    HAL_TIM_Base_Init                        0x08001e4b   Thumb Code    54  stm32f1xx_hal_tim.o(i.HAL_TIM_Base_Init)
    HAL_TIM_Base_MspInit                     0x08001e81   Thumb Code    50  tim.o(i.HAL_TIM_Base_MspInit)
    HAL_TIM_Base_Start_IT                    0x08001eb9   Thumb Code    24  stm32f1xx_hal_tim.o(i.HAL_TIM_Base_Start_IT)
    HAL_TIM_ConfigClockSource                0x08001ed1   Thumb Code   242  stm32f1xx_hal_tim.o(i.HAL_TIM_ConfigClockSource)
    HAL_TIM_IC_CaptureCallback               0x08001fc3   Thumb Code     2  stm32f1xx_hal_tim.o(i.HAL_TIM_IC_CaptureCallback)
    HAL_TIM_IRQHandler                       0x08001fc5   Thumb Code   358  stm32f1xx_hal_tim.o(i.HAL_TIM_IRQHandler)
    HAL_TIM_OC_DelayElapsedCallback          0x0800212b   Thumb Code     2  stm32f1xx_hal_tim.o(i.HAL_TIM_OC_DelayElapsedCallback)
    HAL_TIM_PWM_PulseFinishedCallback        0x0800212d   Thumb Code     2  stm32f1xx_hal_tim.o(i.HAL_TIM_PWM_PulseFinishedCallback)
    HAL_TIM_PeriodElapsedCallback            0x08002131   Thumb Code   466  main.o(i.HAL_TIM_PeriodElapsedCallback)
    HAL_TIM_TriggerCallback                  0x0800231d   Thumb Code     2  stm32f1xx_hal_tim.o(i.HAL_TIM_TriggerCallback)
    HAL_UART_ErrorCallback                   0x0800231f   Thumb Code     2  stm32f1xx_hal_uart.o(i.HAL_UART_ErrorCallback)
    HAL_UART_IRQHandler                      0x08002321   Thumb Code   266  stm32f1xx_hal_uart.o(i.HAL_UART_IRQHandler)
    HAL_UART_Init                            0x08002431   Thumb Code    98  stm32f1xx_hal_uart.o(i.HAL_UART_Init)
    HAL_UART_MspInit                         0x08002495   Thumb Code    92  usart.o(i.HAL_UART_MspInit)
    HAL_UART_Receive_IT                      0x080024fd   Thumb Code    82  stm32f1xx_hal_uart.o(i.HAL_UART_Receive_IT)
    HAL_UART_RxCpltCallback                  0x08002551   Thumb Code    60  main.o(i.HAL_UART_RxCpltCallback)
    HAL_UART_Transmit                        0x0800259d   Thumb Code   186  stm32f1xx_hal_uart.o(i.HAL_UART_Transmit)
    HAL_UART_TxCpltCallback                  0x08002657   Thumb Code     2  stm32f1xx_hal_uart.o(i.HAL_UART_TxCpltCallback)
    HardFault_Handler                        0x08002659   Thumb Code     2  stm32f1xx_it.o(i.HardFault_Handler)
    MX_CAN1_Init                             0x0800265d   Thumb Code    64  can.o(i.MX_CAN1_Init)
    MX_CAN2_Init                             0x080026b5   Thumb Code    64  can.o(i.MX_CAN2_Init)
    MX_GPIO_Init                             0x0800270d   Thumb Code   184  gpio.o(i.MX_GPIO_Init)
    MX_TIM2_Init                             0x080027d1   Thumb Code    98  tim.o(i.MX_TIM2_Init)
    MX_USART1_UART_Init                      0x08002849   Thumb Code    52  usart.o(i.MX_USART1_UART_Init)
    MemManage_Handler                        0x08002895   Thumb Code     2  stm32f1xx_it.o(i.MemManage_Handler)
    NMI_Handler                              0x08002897   Thumb Code     2  stm32f1xx_it.o(i.NMI_Handler)
    PendSV_Handler                           0x080028b9   Thumb Code     2  stm32f1xx_it.o(i.PendSV_Handler)
    Read_ID_Output                           0x080028bd   Thumb Code    74  readid.o(i.Read_ID_Output)
    SVC_Handler                              0x0800290d   Thumb Code     2  stm32f1xx_it.o(i.SVC_Handler)
    SysTick_Handler                          0x0800290f   Thumb Code    14  stm32f1xx_it.o(i.SysTick_Handler)
    SystemClock_Config                       0x0800291d   Thumb Code   112  main.o(i.SystemClock_Config)
    SystemInit                               0x08002991   Thumb Code    68  system_stm32f1xx.o(i.SystemInit)
    TIM2_IRQHandler                          0x080029e5   Thumb Code     6  stm32f1xx_it.o(i.TIM2_IRQHandler)
    TIM_Base_SetConfig                       0x080029f1   Thumb Code   106  stm32f1xx_hal_tim.o(i.TIM_Base_SetConfig)
    USART1_IRQHandler                        0x08002dd1   Thumb Code     6  stm32f1xx_it.o(i.USART1_IRQHandler)
    UsageFault_Handler                       0x08002ddd   Thumb Code     2  stm32f1xx_it.o(i.UsageFault_Handler)
    _Error_Handler                           0x08002ddf   Thumb Code     2  main.o(i._Error_Handler)
    __scatterload_copy                       0x08002de1   Thumb Code    14  handlers.o(i.__scatterload_copy)
    __scatterload_null                       0x08002def   Thumb Code     2  handlers.o(i.__scatterload_null)
    __scatterload_zeroinit                   0x08002df1   Thumb Code    14  handlers.o(i.__scatterload_zeroinit)
    kalmanFilter_A                           0x08002e01   Thumb Code    84  main.o(i.kalmanFilter_A)
    main                                     0x08002e59   Thumb Code   966  main.o(i.main)
    readFlashTest                            0x08003249   Thumb Code     8  dsp_flash.o(i.readFlashTest)
    AHBPrescTable                            0x08003254   Data          16  system_stm32f1xx.o(.constdata)
    APBPrescTable                            0x08003264   Data           8  system_stm32f1xx.o(.constdata)
    Region$$Table$$Base                      0x0800326c   Number         0  anon$$obj.o(Region$$Table)
    Region$$Table$$Limit                     0x0800328c   Number         0  anon$$obj.o(Region$$Table)
    addr                                     0x20000000   Data           4  dsp_flash.o(.data)
    mode                                     0x20000004   Data           9  dsp_co.o(.data)
    x                                        0x20000024   Data           4  main.o(.data)
    y                                        0x20000028   Data           4  main.o(.data)
    uwTickFreq                               0x20000030   Data           1  stm32f1xx_hal.o(.data)
    uwTickPrio                               0x20000034   Data           4  stm32f1xx_hal.o(.data)
    uwTick                                   0x20000038   Data           4  stm32f1xx_hal.o(.data)
    SystemCoreClock                          0x2000003c   Data           4  system_stm32f1xx.o(.data)
    hcan1                                    0x20000198   Data          68  can.o(.bss)
    hcan2                                    0x200001dc   Data          68  can.o(.bss)
    htim2                                    0x20000220   Data          64  tim.o(.bss)
    huart1                                   0x20000260   Data          64  usart.o(.bss)
    __initial_sp                             0x200006a0   Data           0  startup_stm32f105xc.o(STACK)



==============================================================================

Memory Map of the image

  Image Entry point : 0x08000151

  Load Region LR_IROM1 (Base: 0x08000000, Size: 0x000032cc, Max: 0x00020000, ABSOLUTE)

    Execution Region ER_IROM1 (Base: 0x08000000, Size: 0x0000328c, Max: 0x00020000, ABSOLUTE)

    Base Addr    Size         Type   Attr      Idx    E Section Name        Object

    0x08000000   0x00000150   Data   RO            3    RESET               startup_stm32f105xc.o
    0x08000150   0x00000000   Code   RO         2989  * .ARM.Collect$$$$00000000  mc_w.l(entry.o)
    0x08000150   0x00000004   Code   RO         3018    .ARM.Collect$$$$00000001  mc_w.l(entry2.o)
    0x08000154   0x00000004   Code   RO         3021    .ARM.Collect$$$$00000004  mc_w.l(entry5.o)
    0x08000158   0x00000000   Code   RO         3023    .ARM.Collect$$$$00000008  mc_w.l(entry7b.o)
    0x08000158   0x00000000   Code   RO         3025    .ARM.Collect$$$$0000000A  mc_w.l(entry8b.o)
    0x08000158   0x00000008   Code   RO         3026    .ARM.Collect$$$$0000000B  mc_w.l(entry9a.o)
    0x08000160   0x00000000   Code   RO         3028    .ARM.Collect$$$$0000000D  mc_w.l(entry10a.o)
    0x08000160   0x00000000   Code   RO         3030    .ARM.Collect$$$$0000000F  mc_w.l(entry11a.o)
    0x08000160   0x00000004   Code   RO         3019    .ARM.Collect$$$$00002712  mc_w.l(entry2.o)
    0x08000164   0x00000024   Code   RO            4    .text               startup_stm32f105xc.o
    0x08000188   0x00000062   Code   RO         2992    .text               mc_w.l(uldiv.o)
    0x080001ea   0x00000020   Code   RO         2994    .text               mc_w.l(llushr.o)
    0x0800020a   0x000000b0   Code   RO         2996    .text               mf_w.l(fadd.o)
    0x080002ba   0x00000064   Code   RO         2998    .text               mf_w.l(fmul.o)
    0x0800031e   0x0000007c   Code   RO         3000    .text               mf_w.l(fdiv.o)
    0x0800039a   0x000000e4   Code   RO         3002    .text               mf_w.l(dmul.o)
    0x0800047e   0x0000002e   Code   RO         3004    .text               mf_w.l(dscalb.o)
    0x080004ac   0x00000012   Code   RO         3006    .text               mf_w.l(fflti.o)
    0x080004be   0x00000022   Code   RO         3008    .text               mf_w.l(dflti.o)
    0x080004e0   0x0000001a   Code   RO         3010    .text               mf_w.l(dfltui.o)
    0x080004fa   0x00000032   Code   RO         3012    .text               mf_w.l(ffixi.o)
    0x0800052c   0x00000028   Code   RO         3014    .text               mf_w.l(ffixui.o)
    0x08000554   0x00000038   Code   RO         3016    .text               mf_w.l(d2f.o)
    0x0800058c   0x0000001e   Code   RO         3032    .text               mc_w.l(llshl.o)
    0x080005aa   0x00000000   Code   RO         3034    .text               mc_w.l(iusefp.o)
    0x080005aa   0x0000006e   Code   RO         3035    .text               mf_w.l(fepilogue.o)
    0x08000618   0x000000ba   Code   RO         3037    .text               mf_w.l(depilogue.o)
    0x080006d2   0x00000002   PAD
    0x080006d4   0x00000024   Code   RO         3039    .text               mc_w.l(init.o)
    0x080006f8   0x00000064   Code   RO          303    i.BELLorLEDS        dsp_bell.o
    0x0800075c   0x00000002   Code   RO          567    i.BusFault_Handler  stm32f1xx_it.o
    0x0800075e   0x00000002   PAD
    0x08000760   0x0000000c   Code   RO          568    i.CAN1_RX0_IRQHandler  stm32f1xx_it.o
    0x0800076c   0x0000000c   Code   RO          569    i.CAN2_RX0_IRQHandler  stm32f1xx_it.o
    0x08000778   0x00000126   Code   RO          727    i.CAN_Receive_IT    stm32f1xx_hal_can.o
    0x0800089e   0x00000016   Code   RO           13    i.DS18B20_Delay     bsp_ds18b20.o
    0x080008b4   0x00000044   Code   RO           15    i.DS18B20_GetTemp_SkipRom  bsp_ds18b20.o
    0x080008f8   0x00000038   Code   RO           16    i.DS18B20_Init      bsp_ds18b20.o
    0x08000930   0x0000001c   Code   RO           18    i.DS18B20_Mode_IPU  bsp_ds18b20.o
    0x0800094c   0x0000001c   Code   RO           19    i.DS18B20_Mode_Out_PP  bsp_ds18b20.o
    0x08000968   0x00000058   Code   RO           20    i.DS18B20_Presence  bsp_ds18b20.o
    0x080009c0   0x00000054   Code   RO           21    i.DS18B20_ReadByte  bsp_ds18b20.o
    0x08000a14   0x00000034   Code   RO           23    i.DS18B20_Rst       bsp_ds18b20.o
    0x08000a48   0x00000014   Code   RO           24    i.DS18B20_SkipRom   bsp_ds18b20.o
    0x08000a5c   0x00000060   Code   RO           25    i.DS18B20_WriteByte  bsp_ds18b20.o
    0x08000abc   0x00000014   Code   RO          263    i.DSPCoInit         dsp_co.o
    0x08000ad0   0x00000002   Code   RO          570    i.DebugMon_Handler  stm32f1xx_it.o
    0x08000ad2   0x00000024   Code   RO          264    i.FucCheckSum       dsp_co.o
    0x08000af6   0x00000002   PAD
    0x08000af8   0x000000f2   Code   RO          728    i.HAL_CAN_ConfigFilter  stm32f1xx_hal_can.o
    0x08000bea   0x00000002   Code   RO          730    i.HAL_CAN_ErrorCallback  stm32f1xx_hal_can.o
    0x08000bec   0x00000234   Code   RO          733    i.HAL_CAN_IRQHandler  stm32f1xx_hal_can.o
    0x08000e20   0x0000012c   Code   RO          734    i.HAL_CAN_Init      stm32f1xx_hal_can.o
    0x08000f4c   0x000000e0   Code   RO          435    i.HAL_CAN_MspInit   can.o
    0x0800102c   0x000000b4   Code   RO          738    i.HAL_CAN_Receive_IT  stm32f1xx_hal_can.o
    0x080010e0   0x00000020   Code   RO          335    i.HAL_CAN_RxCpltCallback  main.o
    0x08001100   0x000001cc   Code   RO          741    i.HAL_CAN_Transmit  stm32f1xx_hal_can.o
    0x080012cc   0x00000002   Code   RO          743    i.HAL_CAN_TxCpltCallback  stm32f1xx_hal_can.o
    0x080012ce   0x00000002   PAD
    0x080012d0   0x00000130   Code   RO         2431    i.HAL_DMA_Abort_IT  stm32f1xx_hal_dma.o
    0x08001400   0x00000024   Code   RO         2049    i.HAL_Delay         stm32f1xx_hal.o
    0x08001424   0x000001bc   Code   RO         2366    i.HAL_GPIO_Init     stm32f1xx_hal_gpio.o
    0x080015e0   0x0000000a   Code   RO         2368    i.HAL_GPIO_ReadPin  stm32f1xx_hal_gpio.o
    0x080015ea   0x00000008   Code   RO         2369    i.HAL_GPIO_TogglePin  stm32f1xx_hal_gpio.o
    0x080015f2   0x0000000a   Code   RO         2370    i.HAL_GPIO_WritePin  stm32f1xx_hal_gpio.o
    0x080015fc   0x0000000c   Code   RO         2053    i.HAL_GetTick       stm32f1xx_hal.o
    0x08001608   0x00000010   Code   RO         2057    i.HAL_IncTick       stm32f1xx_hal.o
    0x08001618   0x00000024   Code   RO         2058    i.HAL_Init          stm32f1xx_hal.o
    0x0800163c   0x00000040   Code   RO         2059    i.HAL_InitTick      stm32f1xx_hal.o
    0x0800167c   0x00000090   Code   RO          667    i.HAL_MspInit       stm32f1xx_hal_msp.o
    0x0800170c   0x00000016   Code   RO         2526    i.HAL_NVIC_EnableIRQ  stm32f1xx_hal_cortex.o
    0x08001722   0x00000002   PAD
    0x08001724   0x00000040   Code   RO         2532    i.HAL_NVIC_SetPriority  stm32f1xx_hal_cortex.o
    0x08001764   0x00000024   Code   RO         2533    i.HAL_NVIC_SetPriorityGrouping  stm32f1xx_hal_cortex.o
    0x08001788   0x00000154   Code   RO         2202    i.HAL_RCC_ClockConfig  stm32f1xx_hal_rcc.o
    0x080018dc   0x0000000c   Code   RO         2207    i.HAL_RCC_GetHCLKFreq  stm32f1xx_hal_rcc.o
    0x080018e8   0x00000020   Code   RO         2209    i.HAL_RCC_GetPCLK1Freq  stm32f1xx_hal_rcc.o
    0x08001908   0x00000020   Code   RO         2210    i.HAL_RCC_GetPCLK2Freq  stm32f1xx_hal_rcc.o
    0x08001928   0x000000bc   Code   RO         2211    i.HAL_RCC_GetSysClockFreq  stm32f1xx_hal_rcc.o
    0x080019e4   0x000003c8   Code   RO         2214    i.HAL_RCC_OscConfig  stm32f1xx_hal_rcc.o
    0x08001dac   0x00000018   Code   RO         2535    i.HAL_SYSTICK_CLKSourceConfig  stm32f1xx_hal_cortex.o
    0x08001dc4   0x00000002   Code   RO         2536    i.HAL_SYSTICK_Callback  stm32f1xx_hal_cortex.o
    0x08001dc6   0x00000028   Code   RO         2537    i.HAL_SYSTICK_Config  stm32f1xx_hal_cortex.o
    0x08001dee   0x00000008   Code   RO         2538    i.HAL_SYSTICK_IRQHandler  stm32f1xx_hal_cortex.o
    0x08001df6   0x00000002   Code   RO         1483    i.HAL_TIMEx_BreakCallback  stm32f1xx_hal_tim_ex.o
    0x08001df8   0x00000002   Code   RO         1484    i.HAL_TIMEx_CommutationCallback  stm32f1xx_hal_tim_ex.o
    0x08001dfa   0x00000050   Code   RO         1500    i.HAL_TIMEx_MasterConfigSynchronization  stm32f1xx_hal_tim_ex.o
    0x08001e4a   0x00000036   Code   RO          854    i.HAL_TIM_Base_Init  stm32f1xx_hal_tim.o
    0x08001e80   0x00000038   Code   RO          484    i.HAL_TIM_Base_MspInit  tim.o
    0x08001eb8   0x00000018   Code   RO          859    i.HAL_TIM_Base_Start_IT  stm32f1xx_hal_tim.o
    0x08001ed0   0x000000f2   Code   RO          863    i.HAL_TIM_ConfigClockSource  stm32f1xx_hal_tim.o
    0x08001fc2   0x00000002   Code   RO          883    i.HAL_TIM_IC_CaptureCallback  stm32f1xx_hal_tim.o
    0x08001fc4   0x00000166   Code   RO          896    i.HAL_TIM_IRQHandler  stm32f1xx_hal_tim.o
    0x0800212a   0x00000002   Code   RO          899    i.HAL_TIM_OC_DelayElapsedCallback  stm32f1xx_hal_tim.o
    0x0800212c   0x00000002   Code   RO          926    i.HAL_TIM_PWM_PulseFinishedCallback  stm32f1xx_hal_tim.o
    0x0800212e   0x00000002   PAD
    0x08002130   0x000001ec   Code   RO          336    i.HAL_TIM_PeriodElapsedCallback  main.o
    0x0800231c   0x00000002   Code   RO          937    i.HAL_TIM_TriggerCallback  stm32f1xx_hal_tim.o
    0x0800231e   0x00000002   Code   RO         1737    i.HAL_UART_ErrorCallback  stm32f1xx_hal_uart.o
    0x08002320   0x00000110   Code   RO         1740    i.HAL_UART_IRQHandler  stm32f1xx_hal_uart.o
    0x08002430   0x00000062   Code   RO         1741    i.HAL_UART_Init     stm32f1xx_hal_uart.o
    0x08002492   0x00000002   PAD
    0x08002494   0x00000068   Code   RO          526    i.HAL_UART_MspInit  usart.o
    0x080024fc   0x00000052   Code   RO         1746    i.HAL_UART_Receive_IT  stm32f1xx_hal_uart.o
    0x0800254e   0x00000002   PAD
    0x08002550   0x0000004c   Code   RO          337    i.HAL_UART_RxCpltCallback  main.o
    0x0800259c   0x000000ba   Code   RO         1749    i.HAL_UART_Transmit  stm32f1xx_hal_uart.o
    0x08002656   0x00000002   Code   RO         1752    i.HAL_UART_TxCpltCallback  stm32f1xx_hal_uart.o
    0x08002658   0x00000002   Code   RO          571    i.HardFault_Handler  stm32f1xx_it.o
    0x0800265a   0x00000002   PAD
    0x0800265c   0x00000058   Code   RO          436    i.MX_CAN1_Init      can.o
    0x080026b4   0x00000058   Code   RO          437    i.MX_CAN2_Init      can.o
    0x0800270c   0x000000c4   Code   RO          410    i.MX_GPIO_Init      gpio.o
    0x080027d0   0x00000078   Code   RO          485    i.MX_TIM2_Init      tim.o
    0x08002848   0x0000004c   Code   RO          527    i.MX_USART1_UART_Init  usart.o
    0x08002894   0x00000002   Code   RO          572    i.MemManage_Handler  stm32f1xx_it.o
    0x08002896   0x00000002   Code   RO          573    i.NMI_Handler       stm32f1xx_it.o
    0x08002898   0x00000020   Code   RO         2539    i.NVIC_SetPriority  stm32f1xx_hal_cortex.o
    0x080028b8   0x00000002   Code   RO          574    i.PendSV_Handler    stm32f1xx_it.o
    0x080028ba   0x00000002   PAD
    0x080028bc   0x00000050   Code   RO          191    i.Read_ID_Output    readid.o
    0x0800290c   0x00000002   Code   RO          575    i.SVC_Handler       stm32f1xx_it.o
    0x0800290e   0x0000000e   Code   RO          576    i.SysTick_Handler   stm32f1xx_it.o
    0x0800291c   0x00000074   Code   RO          338    i.SystemClock_Config  main.o
    0x08002990   0x00000054   Code   RO         2955    i.SystemInit        system_stm32f1xx.o
    0x080029e4   0x0000000c   Code   RO          577    i.TIM2_IRQHandler   stm32f1xx_it.o
    0x080029f0   0x0000007c   Code   RO          938    i.TIM_Base_SetConfig  stm32f1xx_hal_tim.o
    0x08002a6c   0x00000014   Code   RO          945    i.TIM_ETR_SetConfig  stm32f1xx_hal_tim.o
    0x08002a80   0x00000010   Code   RO          946    i.TIM_ITRx_SetConfig  stm32f1xx_hal_tim.o
    0x08002a90   0x00000022   Code   RO          952    i.TIM_TI1_ConfigInputStage  stm32f1xx_hal_tim.o
    0x08002ab2   0x00000024   Code   RO          954    i.TIM_TI2_ConfigInputStage  stm32f1xx_hal_tim.o
    0x08002ad6   0x00000010   Code   RO         1754    i.UART_DMAAbortOnError  stm32f1xx_hal_uart.o
    0x08002ae6   0x0000001c   Code   RO         1764    i.UART_EndRxTransfer  stm32f1xx_hal_uart.o
    0x08002b02   0x00000096   Code   RO         1766    i.UART_Receive_IT   stm32f1xx_hal_uart.o
    0x08002b98   0x00000170   Code   RO         1767    i.UART_SetConfig    stm32f1xx_hal_uart.o
    0x08002d08   0x00000062   Code   RO         1768    i.UART_Transmit_IT  stm32f1xx_hal_uart.o
    0x08002d6a   0x00000064   Code   RO         1769    i.UART_WaitOnFlagUntilTimeout  stm32f1xx_hal_uart.o
    0x08002dce   0x00000002   PAD
    0x08002dd0   0x0000000c   Code   RO          578    i.USART1_IRQHandler  stm32f1xx_it.o
    0x08002ddc   0x00000002   Code   RO          579    i.UsageFault_Handler  stm32f1xx_it.o
    0x08002dde   0x00000002   Code   RO          339    i._Error_Handler    main.o
    0x08002de0   0x0000000e   Code   RO         3043    i.__scatterload_copy  mc_w.l(handlers.o)
    0x08002dee   0x00000002   Code   RO         3044    i.__scatterload_null  mc_w.l(handlers.o)
    0x08002df0   0x0000000e   Code   RO         3045    i.__scatterload_zeroinit  mc_w.l(handlers.o)
    0x08002dfe   0x00000002   PAD
    0x08002e00   0x00000058   Code   RO          340    i.kalmanFilter_A    main.o
    0x08002e58   0x000003f0   Code   RO          341    i.main              main.o
    0x08003248   0x0000000c   Code   RO          222    i.readFlashTest     dsp_flash.o
    0x08003254   0x00000010   Data   RO         2956    .constdata          system_stm32f1xx.o
    0x08003264   0x00000008   Data   RO         2957    .constdata          system_stm32f1xx.o
    0x0800326c   0x00000020   Data   RO         3041    Region$$Table       anon$$obj.o


    Execution Region RW_IRAM1 (Base: 0x20000000, Size: 0x000006a0, Max: 0x00010000, ABSOLUTE)

    Base Addr    Size         Type   Attr      Idx    E Section Name        Object

    0x20000000   0x00000004   Data   RW          224    .data               dsp_flash.o
    0x20000004   0x00000009   Data   RW          265    .data               dsp_co.o
    0x2000000d   0x00000003   PAD
    0x20000010   0x0000001c   Data   RW          343    .data               main.o
    0x2000002c   0x00000004   Data   RW          439    .data               can.o
    0x20000030   0x0000000c   Data   RW         2065    .data               stm32f1xx_hal.o
    0x2000003c   0x00000004   Data   RW         2958    .data               system_stm32f1xx.o
    0x20000040   0x00000010   Zero   RW          304    .bss                dsp_bell.o
    0x20000050   0x00000148   Zero   RW          342    .bss                main.o
    0x20000198   0x00000088   Zero   RW          438    .bss                can.o
    0x20000220   0x00000040   Zero   RW          486    .bss                tim.o
    0x20000260   0x00000040   Zero   RW          528    .bss                usart.o
    0x200002a0   0x00000400   Zero   RW            1    STACK               startup_stm32f105xc.o


==============================================================================

Image component sizes


      Code (inc. data)   RO Data    RW Data    ZI Data      Debug   Object Name

       542         36          0          0          0     625741   bsp_ds18b20.o
       400         72          0          4        136       2150   can.o
       100          8          0          0         16       2309   dsp_bell.o
        56          8          0          9          0       1353   dsp_co.o
        12          4          0          4          0        879   dsp_flash.o
       196         12          0          0          0        863   gpio.o
      1814        110          0         28        328       7299   main.o
        80          6          0          0          0        521   readid.o
        36          8        336          0       1024        768   startup_stm32f105xc.o
       164         28          0         12          0       3617   stm32f1xx_hal.o
      2044         30          0          0          0       7240   stm32f1xx_hal_can.o
       228         14          0          0          0      27101   stm32f1xx_hal_cortex.o
       304          8          0          0          0       1103   stm32f1xx_hal_dma.o
       472         36          0          0          0       3928   stm32f1xx_hal_gpio.o
       144         10          0          0          0        842   stm32f1xx_hal_msp.o
      1572        116          0          0          0       5652   stm32f1xx_hal_rcc.o
       916         18          0          0          0       8987   stm32f1xx_hal_tim.o
        84          0          0          0          0       2202   stm32f1xx_hal_tim_ex.o
      1402         10          0          0          0       8895   stm32f1xx_hal_uart.o
        78         24          0          0          0       5120   stm32f1xx_it.o
        84         16         24          4          0       1075   system_stm32f1xx.o
       176         28          0          0         64       1474   tim.o
       180         36          0          0         64       1502   usart.o

    ----------------------------------------------------------------------
     11104        638        392         64       1632     720621   Object Totals
         0          0         32          0          0          0   (incl. Generated)
        20          0          0          3          0          0   (incl. Padding)

    ----------------------------------------------------------------------

      Code (inc. data)   RO Data    RW Data    ZI Data      Debug   Library Member Name

         0          0          0          0          0          0   entry.o
         0          0          0          0          0          0   entry10a.o
         0          0          0          0          0          0   entry11a.o
         8          4          0          0          0          0   entry2.o
         4          0          0          0          0          0   entry5.o
         0          0          0          0          0          0   entry7b.o
         0          0          0          0          0          0   entry8b.o
         8          4          0          0          0          0   entry9a.o
        30          0          0          0          0          0   handlers.o
        36          8          0          0          0         68   init.o
         0          0          0          0          0          0   iusefp.o
        30          0          0          0          0         68   llshl.o
        32          0          0          0          0         68   llushr.o
        98          0          0          0          0         92   uldiv.o
        56          0          0          0          0         88   d2f.o
       186          0          0          0          0        176   depilogue.o
        34          0          0          0          0         76   dflti.o
        26          0          0          0          0         76   dfltui.o
       228          0          0          0          0         96   dmul.o
        46          0          0          0          0         80   dscalb.o
       176          0          0          0          0        140   fadd.o
       124          0          0          0          0         88   fdiv.o
       110          0          0          0          0        168   fepilogue.o
        50          0          0          0          0         68   ffixi.o
        40          0          0          0          0         68   ffixui.o
        18          0          0          0          0         68   fflti.o
       100          0          0          0          0         76   fmul.o

    ----------------------------------------------------------------------
      1444         16          0          0          0       1564   Library Totals
         4          0          0          0          0          0   (incl. Padding)

    ----------------------------------------------------------------------

      Code (inc. data)   RO Data    RW Data    ZI Data      Debug   Library Name

       246         16          0          0          0        296   mc_w.l
      1194          0          0          0          0       1268   mf_w.l

    ----------------------------------------------------------------------
      1444         16          0          0          0       1564   Library Totals

    ----------------------------------------------------------------------

==============================================================================


      Code (inc. data)   RO Data    RW Data    ZI Data      Debug   

     12548        654        392         64       1632     716253   Grand Totals
     12548        654        392         64       1632     716253   ELF Image Totals
     12548        654        392         64          0          0   ROM Totals

==============================================================================

    Total RO  Size (Code + RO Data)                12940 (  12.64kB)
    Total RW  Size (RW Data + ZI Data)              1696 (   1.66kB)
    Total ROM Size (Code + RO Data + RW Data)      13004 (  12.70kB)

==============================================================================

